Archive member included to satisfy reference by file (symbol)

C:\Users\asdad\Downloads\SDK_1.0.3_NUCLEO-F401RE\lib_stm\libLibraries.a(system_stm32f4xx.o)
                              ./Src/bai2.o (SystemCoreClockUpdate)
c:/st/stm32cubeide_1.7.0/stm32cubeide/plugins/com.st.stm32cube.ide.mcu.externaltools.gnu-tools-for-stm32.9-2020-q2-update.win32_2.0.0.202105311346/tools/bin/../lib/gcc/arm-none-eabi/9.3.1/../../../../arm-none-eabi/lib/thumb/v7e-m+fp/hard\libc_nano.a(lib_a-errno.o)
                              ./Src/syscalls.o (__errno)
c:/st/stm32cubeide_1.7.0/stm32cubeide/plugins/com.st.stm32cube.ide.mcu.externaltools.gnu-tools-for-stm32.9-2020-q2-update.win32_2.0.0.202105311346/tools/bin/../lib/gcc/arm-none-eabi/9.3.1/../../../../arm-none-eabi/lib/thumb/v7e-m+fp/hard\libc_nano.a(lib_a-exit.o)
                              c:/st/stm32cubeide_1.7.0/stm32cubeide/plugins/com.st.stm32cube.ide.mcu.externaltools.gnu-tools-for-stm32.9-2020-q2-update.win32_2.0.0.202105311346/tools/bin/../lib/gcc/arm-none-eabi/9.3.1/../../../../arm-none-eabi/lib/thumb/v7e-m+fp/hard/crt0.o (exit)
c:/st/stm32cubeide_1.7.0/stm32cubeide/plugins/com.st.stm32cube.ide.mcu.externaltools.gnu-tools-for-stm32.9-2020-q2-update.win32_2.0.0.202105311346/tools/bin/../lib/gcc/arm-none-eabi/9.3.1/../../../../arm-none-eabi/lib/thumb/v7e-m+fp/hard\libc_nano.a(lib_a-impure.o)
                              c:/st/stm32cubeide_1.7.0/stm32cubeide/plugins/com.st.stm32cube.ide.mcu.externaltools.gnu-tools-for-stm32.9-2020-q2-update.win32_2.0.0.202105311346/tools/bin/../lib/gcc/arm-none-eabi/9.3.1/../../../../arm-none-eabi/lib/thumb/v7e-m+fp/hard\libc_nano.a(lib_a-exit.o) (_global_impure_ptr)
c:/st/stm32cubeide_1.7.0/stm32cubeide/plugins/com.st.stm32cube.ide.mcu.externaltools.gnu-tools-for-stm32.9-2020-q2-update.win32_2.0.0.202105311346/tools/bin/../lib/gcc/arm-none-eabi/9.3.1/../../../../arm-none-eabi/lib/thumb/v7e-m+fp/hard\libc_nano.a(lib_a-init.o)
                              c:/st/stm32cubeide_1.7.0/stm32cubeide/plugins/com.st.stm32cube.ide.mcu.externaltools.gnu-tools-for-stm32.9-2020-q2-update.win32_2.0.0.202105311346/tools/bin/../lib/gcc/arm-none-eabi/9.3.1/../../../../arm-none-eabi/lib/thumb/v7e-m+fp/hard/crt0.o (__libc_init_array)
c:/st/stm32cubeide_1.7.0/stm32cubeide/plugins/com.st.stm32cube.ide.mcu.externaltools.gnu-tools-for-stm32.9-2020-q2-update.win32_2.0.0.202105311346/tools/bin/../lib/gcc/arm-none-eabi/9.3.1/../../../../arm-none-eabi/lib/thumb/v7e-m+fp/hard\libc_nano.a(lib_a-memset.o)
                              c:/st/stm32cubeide_1.7.0/stm32cubeide/plugins/com.st.stm32cube.ide.mcu.externaltools.gnu-tools-for-stm32.9-2020-q2-update.win32_2.0.0.202105311346/tools/bin/../lib/gcc/arm-none-eabi/9.3.1/../../../../arm-none-eabi/lib/thumb/v7e-m+fp/hard/crt0.o (memset)

Discarded input sections

 .text          0x0000000000000000        0x0 c:/st/stm32cubeide_1.7.0/stm32cubeide/plugins/com.st.stm32cube.ide.mcu.externaltools.gnu-tools-for-stm32.9-2020-q2-update.win32_2.0.0.202105311346/tools/bin/../lib/gcc/arm-none-eabi/9.3.1/thumb/v7e-m+fp/hard/crti.o
 .data          0x0000000000000000        0x0 c:/st/stm32cubeide_1.7.0/stm32cubeide/plugins/com.st.stm32cube.ide.mcu.externaltools.gnu-tools-for-stm32.9-2020-q2-update.win32_2.0.0.202105311346/tools/bin/../lib/gcc/arm-none-eabi/9.3.1/thumb/v7e-m+fp/hard/crti.o
 .bss           0x0000000000000000        0x0 c:/st/stm32cubeide_1.7.0/stm32cubeide/plugins/com.st.stm32cube.ide.mcu.externaltools.gnu-tools-for-stm32.9-2020-q2-update.win32_2.0.0.202105311346/tools/bin/../lib/gcc/arm-none-eabi/9.3.1/thumb/v7e-m+fp/hard/crti.o
 .data          0x0000000000000000        0x4 c:/st/stm32cubeide_1.7.0/stm32cubeide/plugins/com.st.stm32cube.ide.mcu.externaltools.gnu-tools-for-stm32.9-2020-q2-update.win32_2.0.0.202105311346/tools/bin/../lib/gcc/arm-none-eabi/9.3.1/thumb/v7e-m+fp/hard/crtbegin.o
 .text          0x0000000000000000       0x7c c:/st/stm32cubeide_1.7.0/stm32cubeide/plugins/com.st.stm32cube.ide.mcu.externaltools.gnu-tools-for-stm32.9-2020-q2-update.win32_2.0.0.202105311346/tools/bin/../lib/gcc/arm-none-eabi/9.3.1/../../../../arm-none-eabi/lib/thumb/v7e-m+fp/hard/crt0.o
 .data          0x0000000000000000        0x0 c:/st/stm32cubeide_1.7.0/stm32cubeide/plugins/com.st.stm32cube.ide.mcu.externaltools.gnu-tools-for-stm32.9-2020-q2-update.win32_2.0.0.202105311346/tools/bin/../lib/gcc/arm-none-eabi/9.3.1/../../../../arm-none-eabi/lib/thumb/v7e-m+fp/hard/crt0.o
 .bss           0x0000000000000000        0x0 c:/st/stm32cubeide_1.7.0/stm32cubeide/plugins/com.st.stm32cube.ide.mcu.externaltools.gnu-tools-for-stm32.9-2020-q2-update.win32_2.0.0.202105311346/tools/bin/../lib/gcc/arm-none-eabi/9.3.1/../../../../arm-none-eabi/lib/thumb/v7e-m+fp/hard/crt0.o
 .ARM.extab     0x0000000000000000        0x0 c:/st/stm32cubeide_1.7.0/stm32cubeide/plugins/com.st.stm32cube.ide.mcu.externaltools.gnu-tools-for-stm32.9-2020-q2-update.win32_2.0.0.202105311346/tools/bin/../lib/gcc/arm-none-eabi/9.3.1/../../../../arm-none-eabi/lib/thumb/v7e-m+fp/hard/crt0.o
 .ARM.exidx     0x0000000000000000       0x10 c:/st/stm32cubeide_1.7.0/stm32cubeide/plugins/com.st.stm32cube.ide.mcu.externaltools.gnu-tools-for-stm32.9-2020-q2-update.win32_2.0.0.202105311346/tools/bin/../lib/gcc/arm-none-eabi/9.3.1/../../../../arm-none-eabi/lib/thumb/v7e-m+fp/hard/crt0.o
 .ARM.attributes
                0x0000000000000000       0x1c c:/st/stm32cubeide_1.7.0/stm32cubeide/plugins/com.st.stm32cube.ide.mcu.externaltools.gnu-tools-for-stm32.9-2020-q2-update.win32_2.0.0.202105311346/tools/bin/../lib/gcc/arm-none-eabi/9.3.1/../../../../arm-none-eabi/lib/thumb/v7e-m+fp/hard/crt0.o
 .group         0x0000000000000000        0xc ./Src/bai2.o
 .group         0x0000000000000000        0xc ./Src/bai2.o
 .group         0x0000000000000000        0xc ./Src/bai2.o
 .group         0x0000000000000000        0xc ./Src/bai2.o
 .group         0x0000000000000000        0xc ./Src/bai2.o
 .group         0x0000000000000000        0xc ./Src/bai2.o
 .group         0x0000000000000000        0xc ./Src/bai2.o
 .group         0x0000000000000000        0xc ./Src/bai2.o
 .group         0x0000000000000000        0xc ./Src/bai2.o
 .group         0x0000000000000000        0xc ./Src/bai2.o
 .group         0x0000000000000000        0xc ./Src/bai2.o
 .group         0x0000000000000000        0xc ./Src/bai2.o
 .group         0x0000000000000000        0xc ./Src/bai2.o
 .group         0x0000000000000000        0xc ./Src/bai2.o
 .group         0x0000000000000000        0xc ./Src/bai2.o
 .group         0x0000000000000000        0xc ./Src/bai2.o
 .group         0x0000000000000000        0xc ./Src/bai2.o
 .group         0x0000000000000000        0xc ./Src/bai2.o
 .text          0x0000000000000000        0x0 ./Src/bai2.o
 .data          0x0000000000000000        0x0 ./Src/bai2.o
 .bss           0x0000000000000000        0x0 ./Src/bai2.o
 .group         0x0000000000000000        0xc ./Src/nvic.o
 .group         0x0000000000000000        0xc ./Src/nvic.o
 .group         0x0000000000000000        0xc ./Src/nvic.o
 .group         0x0000000000000000        0xc ./Src/nvic.o
 .group         0x0000000000000000        0xc ./Src/nvic.o
 .group         0x0000000000000000        0xc ./Src/nvic.o
 .group         0x0000000000000000        0xc ./Src/nvic.o
 .group         0x0000000000000000        0xc ./Src/nvic.o
 .group         0x0000000000000000        0xc ./Src/nvic.o
 .group         0x0000000000000000        0xc ./Src/nvic.o
 .group         0x0000000000000000        0xc ./Src/nvic.o
 .group         0x0000000000000000        0xc ./Src/nvic.o
 .group         0x0000000000000000        0xc ./Src/nvic.o
 .group         0x0000000000000000        0xc ./Src/nvic.o
 .text          0x0000000000000000        0x0 ./Src/nvic.o
 .data          0x0000000000000000        0x0 ./Src/nvic.o
 .bss           0x0000000000000000        0x0 ./Src/nvic.o
 .text.NVIC_PriorityGroupConfig
                0x0000000000000000       0x28 ./Src/nvic.o
 .text.NVIC_SetVectorTable
                0x0000000000000000       0x2c ./Src/nvic.o
 .text.NVIC_SystemLPConfig
                0x0000000000000000       0x44 ./Src/nvic.o
 .text.SysTick_CLKSourceConfig
                0x0000000000000000       0x38 ./Src/nvic.o
 .debug_macro   0x0000000000000000      0xab4 ./Src/nvic.o
 .debug_macro   0x0000000000000000       0x6b ./Src/nvic.o
 .debug_macro   0x0000000000000000       0x3b ./Src/nvic.o
 .debug_macro   0x0000000000000000       0x22 ./Src/nvic.o
 .debug_macro   0x0000000000000000       0x8e ./Src/nvic.o
 .debug_macro   0x0000000000000000       0x51 ./Src/nvic.o
 .debug_macro   0x0000000000000000      0x103 ./Src/nvic.o
 .debug_macro   0x0000000000000000       0x6a ./Src/nvic.o
 .debug_macro   0x0000000000000000      0x1df ./Src/nvic.o
 .debug_macro   0x0000000000000000       0x34 ./Src/nvic.o
 .debug_macro   0x0000000000000000       0x26 ./Src/nvic.o
 .debug_macro   0x0000000000000000      0xe43 ./Src/nvic.o
 .debug_macro   0x0000000000000000     0x8018 ./Src/nvic.o
 .group         0x0000000000000000        0xc ./Src/stm32f401re_exti.o
 .group         0x0000000000000000        0xc ./Src/stm32f401re_exti.o
 .group         0x0000000000000000        0xc ./Src/stm32f401re_exti.o
 .group         0x0000000000000000        0xc ./Src/stm32f401re_exti.o
 .group         0x0000000000000000        0xc ./Src/stm32f401re_exti.o
 .group         0x0000000000000000        0xc ./Src/stm32f401re_exti.o
 .group         0x0000000000000000        0xc ./Src/stm32f401re_exti.o
 .group         0x0000000000000000        0xc ./Src/stm32f401re_exti.o
 .group         0x0000000000000000        0xc ./Src/stm32f401re_exti.o
 .group         0x0000000000000000        0xc ./Src/stm32f401re_exti.o
 .group         0x0000000000000000        0xc ./Src/stm32f401re_exti.o
 .group         0x0000000000000000        0xc ./Src/stm32f401re_exti.o
 .group         0x0000000000000000        0xc ./Src/stm32f401re_exti.o
 .group         0x0000000000000000        0xc ./Src/stm32f401re_exti.o
 .text          0x0000000000000000        0x0 ./Src/stm32f401re_exti.o
 .data          0x0000000000000000        0x0 ./Src/stm32f401re_exti.o
 .bss           0x0000000000000000        0x0 ./Src/stm32f401re_exti.o
 .text.EXTI_DeInit
                0x0000000000000000       0x34 ./Src/stm32f401re_exti.o
 .text.EXTI_StructInit
                0x0000000000000000       0x2c ./Src/stm32f401re_exti.o
 .text.EXTI_GenerateSWInterrupt
                0x0000000000000000       0x24 ./Src/stm32f401re_exti.o
 .text.EXTI_GetITStatus
                0x0000000000000000       0x34 ./Src/stm32f401re_exti.o
 .debug_macro   0x0000000000000000      0xab4 ./Src/stm32f401re_exti.o
 .debug_macro   0x0000000000000000       0x6b ./Src/stm32f401re_exti.o
 .debug_macro   0x0000000000000000       0x3b ./Src/stm32f401re_exti.o
 .debug_macro   0x0000000000000000       0x22 ./Src/stm32f401re_exti.o
 .debug_macro   0x0000000000000000       0x8e ./Src/stm32f401re_exti.o
 .debug_macro   0x0000000000000000       0x51 ./Src/stm32f401re_exti.o
 .debug_macro   0x0000000000000000      0x103 ./Src/stm32f401re_exti.o
 .debug_macro   0x0000000000000000       0x6a ./Src/stm32f401re_exti.o
 .debug_macro   0x0000000000000000      0x1df ./Src/stm32f401re_exti.o
 .debug_macro   0x0000000000000000       0x34 ./Src/stm32f401re_exti.o
 .debug_macro   0x0000000000000000       0x26 ./Src/stm32f401re_exti.o
 .debug_macro   0x0000000000000000      0xe43 ./Src/stm32f401re_exti.o
 .debug_macro   0x0000000000000000     0x8018 ./Src/stm32f401re_exti.o
 .group         0x0000000000000000        0xc ./Src/stm32f401re_gpio.o
 .group         0x0000000000000000        0xc ./Src/stm32f401re_gpio.o
 .group         0x0000000000000000        0xc ./Src/stm32f401re_gpio.o
 .group         0x0000000000000000        0xc ./Src/stm32f401re_gpio.o
 .group         0x0000000000000000        0xc ./Src/stm32f401re_gpio.o
 .group         0x0000000000000000        0xc ./Src/stm32f401re_gpio.o
 .group         0x0000000000000000        0xc ./Src/stm32f401re_gpio.o
 .group         0x0000000000000000        0xc ./Src/stm32f401re_gpio.o
 .group         0x0000000000000000        0xc ./Src/stm32f401re_gpio.o
 .group         0x0000000000000000        0xc ./Src/stm32f401re_gpio.o
 .group         0x0000000000000000        0xc ./Src/stm32f401re_gpio.o
 .group         0x0000000000000000        0xc ./Src/stm32f401re_gpio.o
 .group         0x0000000000000000        0xc ./Src/stm32f401re_gpio.o
 .group         0x0000000000000000        0xc ./Src/stm32f401re_gpio.o
 .text          0x0000000000000000        0x0 ./Src/stm32f401re_gpio.o
 .data          0x0000000000000000        0x0 ./Src/stm32f401re_gpio.o
 .bss           0x0000000000000000        0x0 ./Src/stm32f401re_gpio.o
 .text.GPIO_StructInit
                0x0000000000000000       0x34 ./Src/stm32f401re_gpio.o
 .text.GPIO_PinLockConfig
                0x0000000000000000       0x44 ./Src/stm32f401re_gpio.o
 .text.GPIO_ReadInputDataBit
                0x0000000000000000       0x34 ./Src/stm32f401re_gpio.o
 .text.GPIO_ReadInputData
                0x0000000000000000       0x1a ./Src/stm32f401re_gpio.o
 .text.GPIO_ReadOutputDataBit
                0x0000000000000000       0x34 ./Src/stm32f401re_gpio.o
 .text.GPIO_ReadOutputData
                0x0000000000000000       0x1a ./Src/stm32f401re_gpio.o
 .text.GPIO_SetBits
                0x0000000000000000       0x1e ./Src/stm32f401re_gpio.o
 .text.GPIO_ResetBits
                0x0000000000000000       0x1e ./Src/stm32f401re_gpio.o
 .text.GPIO_WriteBit
                0x0000000000000000       0x30 ./Src/stm32f401re_gpio.o
 .text.GPIO_Write
                0x0000000000000000       0x1e ./Src/stm32f401re_gpio.o
 .text.GPIO_ToggleBits
                0x0000000000000000       0x24 ./Src/stm32f401re_gpio.o
 .text.GPIO_PinAFConfig
                0x0000000000000000       0x92 ./Src/stm32f401re_gpio.o
 .debug_macro   0x0000000000000000      0xab4 ./Src/stm32f401re_gpio.o
 .debug_macro   0x0000000000000000       0x22 ./Src/stm32f401re_gpio.o
 .debug_macro   0x0000000000000000       0x8e ./Src/stm32f401re_gpio.o
 .debug_macro   0x0000000000000000       0x51 ./Src/stm32f401re_gpio.o
 .debug_macro   0x0000000000000000      0x103 ./Src/stm32f401re_gpio.o
 .debug_macro   0x0000000000000000       0x6a ./Src/stm32f401re_gpio.o
 .debug_macro   0x0000000000000000      0x1df ./Src/stm32f401re_gpio.o
 .debug_macro   0x0000000000000000       0x6b ./Src/stm32f401re_gpio.o
 .debug_macro   0x0000000000000000       0x3b ./Src/stm32f401re_gpio.o
 .debug_macro   0x0000000000000000       0x34 ./Src/stm32f401re_gpio.o
 .debug_macro   0x0000000000000000       0x26 ./Src/stm32f401re_gpio.o
 .debug_macro   0x0000000000000000      0xe43 ./Src/stm32f401re_gpio.o
 .debug_macro   0x0000000000000000     0x8018 ./Src/stm32f401re_gpio.o
 .group         0x0000000000000000        0xc ./Src/stm32f401re_rcc.o
 .group         0x0000000000000000        0xc ./Src/stm32f401re_rcc.o
 .group         0x0000000000000000        0xc ./Src/stm32f401re_rcc.o
 .group         0x0000000000000000        0xc ./Src/stm32f401re_rcc.o
 .group         0x0000000000000000        0xc ./Src/stm32f401re_rcc.o
 .group         0x0000000000000000        0xc ./Src/stm32f401re_rcc.o
 .group         0x0000000000000000        0xc ./Src/stm32f401re_rcc.o
 .group         0x0000000000000000        0xc ./Src/stm32f401re_rcc.o
 .group         0x0000000000000000        0xc ./Src/stm32f401re_rcc.o
 .group         0x0000000000000000        0xc ./Src/stm32f401re_rcc.o
 .group         0x0000000000000000        0xc ./Src/stm32f401re_rcc.o
 .group         0x0000000000000000        0xc ./Src/stm32f401re_rcc.o
 .group         0x0000000000000000        0xc ./Src/stm32f401re_rcc.o
 .group         0x0000000000000000        0xc ./Src/stm32f401re_rcc.o
 .text          0x0000000000000000        0x0 ./Src/stm32f401re_rcc.o
 .data          0x0000000000000000        0x0 ./Src/stm32f401re_rcc.o
 .bss           0x0000000000000000        0x0 ./Src/stm32f401re_rcc.o
 .data.APBAHBPrescTable
                0x0000000000000000       0x10 ./Src/stm32f401re_rcc.o
 .text.RCC_DeInit
                0x0000000000000000       0x64 ./Src/stm32f401re_rcc.o
 .text.RCC_HSEConfig
                0x0000000000000000       0x28 ./Src/stm32f401re_rcc.o
 .text.RCC_WaitForHSEStartUp
                0x0000000000000000       0x50 ./Src/stm32f401re_rcc.o
 .text.RCC_AdjustHSICalibrationValue
                0x0000000000000000       0x3c ./Src/stm32f401re_rcc.o
 .text.RCC_HSICmd
                0x0000000000000000       0x20 ./Src/stm32f401re_rcc.o
 .text.RCC_LSEConfig
                0x0000000000000000       0x44 ./Src/stm32f401re_rcc.o
 .text.RCC_LSICmd
                0x0000000000000000       0x20 ./Src/stm32f401re_rcc.o
 .text.RCC_PLLConfig
                0x0000000000000000       0x40 ./Src/stm32f401re_rcc.o
 .text.RCC_PLLCmd
                0x0000000000000000       0x20 ./Src/stm32f401re_rcc.o
 .text.RCC_PLLI2SConfig
                0x0000000000000000       0x2c ./Src/stm32f401re_rcc.o
 .text.RCC_PLLI2SCmd
                0x0000000000000000       0x20 ./Src/stm32f401re_rcc.o
 .text.RCC_PLLSAIConfig
                0x0000000000000000       0x34 ./Src/stm32f401re_rcc.o
 .text.RCC_PLLSAICmd
                0x0000000000000000       0x20 ./Src/stm32f401re_rcc.o
 .text.RCC_ClockSecuritySystemCmd
                0x0000000000000000       0x20 ./Src/stm32f401re_rcc.o
 .text.RCC_MCO1Config
                0x0000000000000000       0x40 ./Src/stm32f401re_rcc.o
 .text.RCC_MCO2Config
                0x0000000000000000       0x40 ./Src/stm32f401re_rcc.o
 .text.RCC_SYSCLKConfig
                0x0000000000000000       0x38 ./Src/stm32f401re_rcc.o
 .text.RCC_GetSYSCLKSource
                0x0000000000000000       0x20 ./Src/stm32f401re_rcc.o
 .text.RCC_HCLKConfig
                0x0000000000000000       0x38 ./Src/stm32f401re_rcc.o
 .text.RCC_PCLK1Config
                0x0000000000000000       0x38 ./Src/stm32f401re_rcc.o
 .text.RCC_PCLK2Config
                0x0000000000000000       0x3c ./Src/stm32f401re_rcc.o
 .text.RCC_GetClocksFreq
                0x0000000000000000      0x15c ./Src/stm32f401re_rcc.o
 .text.RCC_RTCCLKConfig
                0x0000000000000000       0x5c ./Src/stm32f401re_rcc.o
 .text.RCC_RTCCLKCmd
                0x0000000000000000       0x20 ./Src/stm32f401re_rcc.o
 .text.RCC_BackupResetCmd
                0x0000000000000000       0x20 ./Src/stm32f401re_rcc.o
 .text.RCC_I2SCLKConfig
                0x0000000000000000       0x20 ./Src/stm32f401re_rcc.o
 .text.RCC_SAIPLLI2SClkDivConfig
                0x0000000000000000       0x40 ./Src/stm32f401re_rcc.o
 .text.RCC_SAIPLLSAIClkDivConfig
                0x0000000000000000       0x40 ./Src/stm32f401re_rcc.o
 .text.RCC_LTDCCLKDivConfig
                0x0000000000000000       0x3c ./Src/stm32f401re_rcc.o
 .text.RCC_TIMCLKPresConfig
                0x0000000000000000       0x20 ./Src/stm32f401re_rcc.o
 .text.RCC_AHB2PeriphClockCmd
                0x0000000000000000       0x40 ./Src/stm32f401re_rcc.o
 .text.RCC_APB1PeriphClockCmd
                0x0000000000000000       0x40 ./Src/stm32f401re_rcc.o
 .text.RCC_AHB1PeriphResetCmd
                0x0000000000000000       0x40 ./Src/stm32f401re_rcc.o
 .text.RCC_AHB2PeriphResetCmd
                0x0000000000000000       0x40 ./Src/stm32f401re_rcc.o
 .text.RCC_APB1PeriphResetCmd
                0x0000000000000000       0x40 ./Src/stm32f401re_rcc.o
 .text.RCC_APB2PeriphResetCmd
                0x0000000000000000       0x40 ./Src/stm32f401re_rcc.o
 .text.RCC_AHB1PeriphClockLPModeCmd
                0x0000000000000000       0x40 ./Src/stm32f401re_rcc.o
 .text.RCC_AHB2PeriphClockLPModeCmd
                0x0000000000000000       0x40 ./Src/stm32f401re_rcc.o
 .text.RCC_APB1PeriphClockLPModeCmd
                0x0000000000000000       0x40 ./Src/stm32f401re_rcc.o
 .text.RCC_APB2PeriphClockLPModeCmd
                0x0000000000000000       0x40 ./Src/stm32f401re_rcc.o
 .text.RCC_LSEModeConfig
                0x0000000000000000       0x3c ./Src/stm32f401re_rcc.o
 .text.RCC_ITConfig
                0x0000000000000000       0x4c ./Src/stm32f401re_rcc.o
 .text.RCC_GetFlagStatus
                0x0000000000000000       0x74 ./Src/stm32f401re_rcc.o
 .text.RCC_ClearFlag
                0x0000000000000000       0x20 ./Src/stm32f401re_rcc.o
 .text.RCC_GetITStatus
                0x0000000000000000       0x38 ./Src/stm32f401re_rcc.o
 .text.RCC_ClearITPendingBit
                0x0000000000000000       0x20 ./Src/stm32f401re_rcc.o
 .debug_macro   0x0000000000000000      0xab4 ./Src/stm32f401re_rcc.o
 .debug_macro   0x0000000000000000       0x6b ./Src/stm32f401re_rcc.o
 .debug_macro   0x0000000000000000       0x3b ./Src/stm32f401re_rcc.o
 .debug_macro   0x0000000000000000       0x22 ./Src/stm32f401re_rcc.o
 .debug_macro   0x0000000000000000       0x8e ./Src/stm32f401re_rcc.o
 .debug_macro   0x0000000000000000       0x51 ./Src/stm32f401re_rcc.o
 .debug_macro   0x0000000000000000      0x103 ./Src/stm32f401re_rcc.o
 .debug_macro   0x0000000000000000       0x6a ./Src/stm32f401re_rcc.o
 .debug_macro   0x0000000000000000      0x1df ./Src/stm32f401re_rcc.o
 .debug_macro   0x0000000000000000       0x34 ./Src/stm32f401re_rcc.o
 .debug_macro   0x0000000000000000       0x26 ./Src/stm32f401re_rcc.o
 .debug_macro   0x0000000000000000      0xe43 ./Src/stm32f401re_rcc.o
 .debug_macro   0x0000000000000000     0x8018 ./Src/stm32f401re_rcc.o
 .debug_macro   0x0000000000000000      0x644 ./Src/stm32f401re_rcc.o
 .group         0x0000000000000000        0xc ./Src/stm32f401re_syscfg.o
 .group         0x0000000000000000        0xc ./Src/stm32f401re_syscfg.o
 .group         0x0000000000000000        0xc ./Src/stm32f401re_syscfg.o
 .group         0x0000000000000000        0xc ./Src/stm32f401re_syscfg.o
 .group         0x0000000000000000        0xc ./Src/stm32f401re_syscfg.o
 .group         0x0000000000000000        0xc ./Src/stm32f401re_syscfg.o
 .group         0x0000000000000000        0xc ./Src/stm32f401re_syscfg.o
 .group         0x0000000000000000        0xc ./Src/stm32f401re_syscfg.o
 .group         0x0000000000000000        0xc ./Src/stm32f401re_syscfg.o
 .group         0x0000000000000000        0xc ./Src/stm32f401re_syscfg.o
 .group         0x0000000000000000        0xc ./Src/stm32f401re_syscfg.o
 .group         0x0000000000000000        0xc ./Src/stm32f401re_syscfg.o
 .group         0x0000000000000000        0xc ./Src/stm32f401re_syscfg.o
 .group         0x0000000000000000        0xc ./Src/stm32f401re_syscfg.o
 .group         0x0000000000000000        0xc ./Src/stm32f401re_syscfg.o
 .text          0x0000000000000000        0x0 ./Src/stm32f401re_syscfg.o
 .data          0x0000000000000000        0x0 ./Src/stm32f401re_syscfg.o
 .bss           0x0000000000000000        0x0 ./Src/stm32f401re_syscfg.o
 .text.SYSCFG_DeInit
                0x0000000000000000       0x1c ./Src/stm32f401re_syscfg.o
 .text.SYSCFG_MemoryRemapConfig
                0x0000000000000000       0x20 ./Src/stm32f401re_syscfg.o
 .text.SYSCFG_MemorySwappingBank
                0x0000000000000000       0x20 ./Src/stm32f401re_syscfg.o
 .text.SYSCFG_CompensationCellCmd
                0x0000000000000000       0x20 ./Src/stm32f401re_syscfg.o
 .text.SYSCFG_GetCompensationCellStatus
                0x0000000000000000       0x34 ./Src/stm32f401re_syscfg.o
 .debug_macro   0x0000000000000000      0xab4 ./Src/stm32f401re_syscfg.o
 .debug_macro   0x0000000000000000       0x6b ./Src/stm32f401re_syscfg.o
 .debug_macro   0x0000000000000000       0x3b ./Src/stm32f401re_syscfg.o
 .debug_macro   0x0000000000000000       0x22 ./Src/stm32f401re_syscfg.o
 .debug_macro   0x0000000000000000       0x8e ./Src/stm32f401re_syscfg.o
 .debug_macro   0x0000000000000000       0x51 ./Src/stm32f401re_syscfg.o
 .debug_macro   0x0000000000000000      0x103 ./Src/stm32f401re_syscfg.o
 .debug_macro   0x0000000000000000       0x6a ./Src/stm32f401re_syscfg.o
 .debug_macro   0x0000000000000000      0x1df ./Src/stm32f401re_syscfg.o
 .debug_macro   0x0000000000000000       0x34 ./Src/stm32f401re_syscfg.o
 .debug_macro   0x0000000000000000       0x26 ./Src/stm32f401re_syscfg.o
 .debug_macro   0x0000000000000000      0xe43 ./Src/stm32f401re_syscfg.o
 .debug_macro   0x0000000000000000     0x8018 ./Src/stm32f401re_syscfg.o
 .debug_macro   0x0000000000000000      0x644 ./Src/stm32f401re_syscfg.o
 .debug_macro   0x0000000000000000      0x10d ./Src/stm32f401re_syscfg.o
 .group         0x0000000000000000        0xc ./Src/syscalls.o
 .group         0x0000000000000000        0xc ./Src/syscalls.o
 .group         0x0000000000000000        0xc ./Src/syscalls.o
 .group         0x0000000000000000        0xc ./Src/syscalls.o
 .group         0x0000000000000000        0xc ./Src/syscalls.o
 .group         0x0000000000000000        0xc ./Src/syscalls.o
 .group         0x0000000000000000        0xc ./Src/syscalls.o
 .group         0x0000000000000000        0xc ./Src/syscalls.o
 .group         0x0000000000000000        0xc ./Src/syscalls.o
 .group         0x0000000000000000        0xc ./Src/syscalls.o
 .group         0x0000000000000000        0xc ./Src/syscalls.o
 .group         0x0000000000000000        0xc ./Src/syscalls.o
 .group         0x0000000000000000        0xc ./Src/syscalls.o
 .group         0x0000000000000000        0xc ./Src/syscalls.o
 .group         0x0000000000000000        0xc ./Src/syscalls.o
 .group         0x0000000000000000        0xc ./Src/syscalls.o
 .group         0x0000000000000000        0xc ./Src/syscalls.o
 .group         0x0000000000000000        0xc ./Src/syscalls.o
 .group         0x0000000000000000        0xc ./Src/syscalls.o
 .group         0x0000000000000000        0xc ./Src/syscalls.o
 .group         0x0000000000000000        0xc ./Src/syscalls.o
 .group         0x0000000000000000        0xc ./Src/syscalls.o
 .group         0x0000000000000000        0xc ./Src/syscalls.o
 .group         0x0000000000000000        0xc ./Src/syscalls.o
 .group         0x0000000000000000        0xc ./Src/syscalls.o
 .group         0x0000000000000000        0xc ./Src/syscalls.o
 .group         0x0000000000000000        0xc ./Src/syscalls.o
 .group         0x0000000000000000        0xc ./Src/syscalls.o
 .group         0x0000000000000000        0xc ./Src/syscalls.o
 .group         0x0000000000000000        0xc ./Src/syscalls.o
 .group         0x0000000000000000        0xc ./Src/syscalls.o
 .group         0x0000000000000000        0xc ./Src/syscalls.o
 .group         0x0000000000000000        0xc ./Src/syscalls.o
 .group         0x0000000000000000        0xc ./Src/syscalls.o
 .group         0x0000000000000000        0xc ./Src/syscalls.o
 .group         0x0000000000000000        0xc ./Src/syscalls.o
 .group         0x0000000000000000        0xc ./Src/syscalls.o
 .group         0x0000000000000000        0xc ./Src/syscalls.o
 .group         0x0000000000000000        0xc ./Src/syscalls.o
 .group         0x0000000000000000        0xc ./Src/syscalls.o
 .group         0x0000000000000000        0xc ./Src/syscalls.o
 .group         0x0000000000000000        0xc ./Src/syscalls.o
 .group         0x0000000000000000        0xc ./Src/syscalls.o
 .group         0x0000000000000000        0xc ./Src/syscalls.o
 .group         0x0000000000000000        0xc ./Src/syscalls.o
 .group         0x0000000000000000        0xc ./Src/syscalls.o
 .group         0x0000000000000000        0xc ./Src/syscalls.o
 .text          0x0000000000000000        0x0 ./Src/syscalls.o
 .data          0x0000000000000000        0x0 ./Src/syscalls.o
 .bss           0x0000000000000000        0x0 ./Src/syscalls.o
 .bss.__env     0x0000000000000000        0x4 ./Src/syscalls.o
 .data.environ  0x0000000000000000        0x4 ./Src/syscalls.o
 .text.initialise_monitor_handles
                0x0000000000000000        0xe ./Src/syscalls.o
 .text._getpid  0x0000000000000000       0x10 ./Src/syscalls.o
 .text._kill    0x0000000000000000       0x20 ./Src/syscalls.o
 .text._exit    0x0000000000000000       0x14 ./Src/syscalls.o
 .text._read    0x0000000000000000       0x3a ./Src/syscalls.o
 .text._write   0x0000000000000000       0x38 ./Src/syscalls.o
 .text._close   0x0000000000000000       0x18 ./Src/syscalls.o
 .text._fstat   0x0000000000000000       0x20 ./Src/syscalls.o
 .text._isatty  0x0000000000000000       0x16 ./Src/syscalls.o
 .text._lseek   0x0000000000000000       0x1a ./Src/syscalls.o
 .text._open    0x0000000000000000       0x1c ./Src/syscalls.o
 .text._wait    0x0000000000000000       0x1e ./Src/syscalls.o
 .text._unlink  0x0000000000000000       0x1e ./Src/syscalls.o
 .text._times   0x0000000000000000       0x18 ./Src/syscalls.o
 .text._stat    0x0000000000000000       0x20 ./Src/syscalls.o
 .text._link    0x0000000000000000       0x20 ./Src/syscalls.o
 .text._fork    0x0000000000000000       0x16 ./Src/syscalls.o
 .text._execve  0x0000000000000000       0x22 ./Src/syscalls.o
 .debug_info    0x0000000000000000      0xfa8 ./Src/syscalls.o
 .debug_abbrev  0x0000000000000000      0x286 ./Src/syscalls.o
 .debug_aranges
                0x0000000000000000       0xa8 ./Src/syscalls.o
 .debug_ranges  0x0000000000000000       0x98 ./Src/syscalls.o
 .debug_macro   0x0000000000000000      0x24c ./Src/syscalls.o
 .debug_macro   0x0000000000000000      0xab4 ./Src/syscalls.o
 .debug_macro   0x0000000000000000       0x22 ./Src/syscalls.o
 .debug_macro   0x0000000000000000       0x4c ./Src/syscalls.o
 .debug_macro   0x0000000000000000       0x18 ./Src/syscalls.o
 .debug_macro   0x0000000000000000       0x94 ./Src/syscalls.o
 .debug_macro   0x0000000000000000       0x3c ./Src/syscalls.o
 .debug_macro   0x0000000000000000       0x34 ./Src/syscalls.o
 .debug_macro   0x0000000000000000       0x57 ./Src/syscalls.o
 .debug_macro   0x0000000000000000      0x174 ./Src/syscalls.o
 .debug_macro   0x0000000000000000      0x339 ./Src/syscalls.o
 .debug_macro   0x0000000000000000       0x16 ./Src/syscalls.o
 .debug_macro   0x0000000000000000       0x43 ./Src/syscalls.o
 .debug_macro   0x0000000000000000       0x34 ./Src/syscalls.o
 .debug_macro   0x0000000000000000       0x10 ./Src/syscalls.o
 .debug_macro   0x0000000000000000       0x58 ./Src/syscalls.o
 .debug_macro   0x0000000000000000       0x71 ./Src/syscalls.o
 .debug_macro   0x0000000000000000       0x1c ./Src/syscalls.o
 .debug_macro   0x0000000000000000      0x12a ./Src/syscalls.o
 .debug_macro   0x0000000000000000       0x10 ./Src/syscalls.o
 .debug_macro   0x0000000000000000       0x35 ./Src/syscalls.o
 .debug_macro   0x0000000000000000       0x10 ./Src/syscalls.o
 .debug_macro   0x0000000000000000       0x10 ./Src/syscalls.o
 .debug_macro   0x0000000000000000       0x10 ./Src/syscalls.o
 .debug_macro   0x0000000000000000       0x6a ./Src/syscalls.o
 .debug_macro   0x0000000000000000       0x1c ./Src/syscalls.o
 .debug_macro   0x0000000000000000       0x52 ./Src/syscalls.o
 .debug_macro   0x0000000000000000       0x22 ./Src/syscalls.o
 .debug_macro   0x0000000000000000       0x10 ./Src/syscalls.o
 .debug_macro   0x0000000000000000       0x40 ./Src/syscalls.o
 .debug_macro   0x0000000000000000       0xd5 ./Src/syscalls.o
 .debug_macro   0x0000000000000000       0x1c ./Src/syscalls.o
 .debug_macro   0x0000000000000000       0x3d ./Src/syscalls.o
 .debug_macro   0x0000000000000000       0x35 ./Src/syscalls.o
 .debug_macro   0x0000000000000000      0x12c ./Src/syscalls.o
 .debug_macro   0x0000000000000000       0x16 ./Src/syscalls.o
 .debug_macro   0x0000000000000000       0x16 ./Src/syscalls.o
 .debug_macro   0x0000000000000000       0x29 ./Src/syscalls.o
 .debug_macro   0x0000000000000000       0x10 ./Src/syscalls.o
 .debug_macro   0x0000000000000000      0x241 ./Src/syscalls.o
 .debug_macro   0x0000000000000000       0x1c ./Src/syscalls.o
 .debug_macro   0x0000000000000000       0x10 ./Src/syscalls.o
 .debug_macro   0x0000000000000000       0x10 ./Src/syscalls.o
 .debug_macro   0x0000000000000000       0x16 ./Src/syscalls.o
 .debug_macro   0x0000000000000000      0x145 ./Src/syscalls.o
 .debug_macro   0x0000000000000000      0x189 ./Src/syscalls.o
 .debug_macro   0x0000000000000000       0x16 ./Src/syscalls.o
 .debug_macro   0x0000000000000000       0xce ./Src/syscalls.o
 .debug_line    0x0000000000000000      0x7fd ./Src/syscalls.o
 .debug_str     0x0000000000000000     0x8ed8 ./Src/syscalls.o
 .comment       0x0000000000000000       0x54 ./Src/syscalls.o
 .debug_frame   0x0000000000000000      0x2ac ./Src/syscalls.o
 .ARM.attributes
                0x0000000000000000       0x34 ./Src/syscalls.o
 .group         0x0000000000000000        0xc ./Src/sysmem.o
 .group         0x0000000000000000        0xc ./Src/sysmem.o
 .group         0x0000000000000000        0xc ./Src/sysmem.o
 .group         0x0000000000000000        0xc ./Src/sysmem.o
 .group         0x0000000000000000        0xc ./Src/sysmem.o
 .group         0x0000000000000000        0xc ./Src/sysmem.o
 .group         0x0000000000000000        0xc ./Src/sysmem.o
 .group         0x0000000000000000        0xc ./Src/sysmem.o
 .group         0x0000000000000000        0xc ./Src/sysmem.o
 .group         0x0000000000000000        0xc ./Src/sysmem.o
 .group         0x0000000000000000        0xc ./Src/sysmem.o
 .group         0x0000000000000000        0xc ./Src/sysmem.o
 .group         0x0000000000000000        0xc ./Src/sysmem.o
 .group         0x0000000000000000        0xc ./Src/sysmem.o
 .group         0x0000000000000000        0xc ./Src/sysmem.o
 .group         0x0000000000000000        0xc ./Src/sysmem.o
 .group         0x0000000000000000        0xc ./Src/sysmem.o
 .group         0x0000000000000000        0xc ./Src/sysmem.o
 .group         0x0000000000000000        0xc ./Src/sysmem.o
 .group         0x0000000000000000        0xc ./Src/sysmem.o
 .group         0x0000000000000000        0xc ./Src/sysmem.o
 .group         0x0000000000000000        0xc ./Src/sysmem.o
 .text          0x0000000000000000        0x0 ./Src/sysmem.o
 .data          0x0000000000000000        0x0 ./Src/sysmem.o
 .bss           0x0000000000000000        0x0 ./Src/sysmem.o
 .bss.__sbrk_heap_end
                0x0000000000000000        0x4 ./Src/sysmem.o
 .text._sbrk    0x0000000000000000       0x6c ./Src/sysmem.o
 .debug_info    0x0000000000000000      0xa25 ./Src/sysmem.o
 .debug_abbrev  0x0000000000000000      0x1bf ./Src/sysmem.o
 .debug_aranges
                0x0000000000000000       0x20 ./Src/sysmem.o
 .debug_ranges  0x0000000000000000       0x10 ./Src/sysmem.o
 .debug_macro   0x0000000000000000       0xff ./Src/sysmem.o
 .debug_macro   0x0000000000000000      0xab4 ./Src/sysmem.o
 .debug_macro   0x0000000000000000       0x10 ./Src/sysmem.o
 .debug_macro   0x0000000000000000       0x22 ./Src/sysmem.o
 .debug_macro   0x0000000000000000       0x4c ./Src/sysmem.o
 .debug_macro   0x0000000000000000       0x18 ./Src/sysmem.o
 .debug_macro   0x0000000000000000       0x94 ./Src/sysmem.o
 .debug_macro   0x0000000000000000       0x3c ./Src/sysmem.o
 .debug_macro   0x0000000000000000       0x34 ./Src/sysmem.o
 .debug_macro   0x0000000000000000      0x174 ./Src/sysmem.o
 .debug_macro   0x0000000000000000       0x16 ./Src/sysmem.o
 .debug_macro   0x0000000000000000       0x43 ./Src/sysmem.o
 .debug_macro   0x0000000000000000       0x57 ./Src/sysmem.o
 .debug_macro   0x0000000000000000       0x34 ./Src/sysmem.o
 .debug_macro   0x0000000000000000       0x10 ./Src/sysmem.o
 .debug_macro   0x0000000000000000       0x58 ./Src/sysmem.o
 .debug_macro   0x0000000000000000       0x71 ./Src/sysmem.o
 .debug_macro   0x0000000000000000       0x1c ./Src/sysmem.o
 .debug_macro   0x0000000000000000      0x12a ./Src/sysmem.o
 .debug_macro   0x0000000000000000      0x23b ./Src/sysmem.o
 .debug_macro   0x0000000000000000      0x103 ./Src/sysmem.o
 .debug_macro   0x0000000000000000       0x6a ./Src/sysmem.o
 .debug_macro   0x0000000000000000      0x1df ./Src/sysmem.o
 .debug_line    0x0000000000000000      0x4f3 ./Src/sysmem.o
 .debug_str     0x0000000000000000     0x62ab ./Src/sysmem.o
 .comment       0x0000000000000000       0x54 ./Src/sysmem.o
 .debug_frame   0x0000000000000000       0x34 ./Src/sysmem.o
 .ARM.attributes
                0x0000000000000000       0x34 ./Src/sysmem.o
 .text          0x0000000000000000       0x14 ./Startup/startup_stm32f401retx.o
 .data          0x0000000000000000        0x0 ./Startup/startup_stm32f401retx.o
 .bss           0x0000000000000000        0x0 ./Startup/startup_stm32f401retx.o
 .group         0x0000000000000000        0xc C:\Users\asdad\Downloads\SDK_1.0.3_NUCLEO-F401RE\lib_stm\libLibraries.a(system_stm32f4xx.o)
 .group         0x0000000000000000        0xc C:\Users\asdad\Downloads\SDK_1.0.3_NUCLEO-F401RE\lib_stm\libLibraries.a(system_stm32f4xx.o)
 .group         0x0000000000000000        0xc C:\Users\asdad\Downloads\SDK_1.0.3_NUCLEO-F401RE\lib_stm\libLibraries.a(system_stm32f4xx.o)
 .group         0x0000000000000000        0xc C:\Users\asdad\Downloads\SDK_1.0.3_NUCLEO-F401RE\lib_stm\libLibraries.a(system_stm32f4xx.o)
 .group         0x0000000000000000        0xc C:\Users\asdad\Downloads\SDK_1.0.3_NUCLEO-F401RE\lib_stm\libLibraries.a(system_stm32f4xx.o)
 .group         0x0000000000000000        0xc C:\Users\asdad\Downloads\SDK_1.0.3_NUCLEO-F401RE\lib_stm\libLibraries.a(system_stm32f4xx.o)
 .group         0x0000000000000000        0xc C:\Users\asdad\Downloads\SDK_1.0.3_NUCLEO-F401RE\lib_stm\libLibraries.a(system_stm32f4xx.o)
 .group         0x0000000000000000        0xc C:\Users\asdad\Downloads\SDK_1.0.3_NUCLEO-F401RE\lib_stm\libLibraries.a(system_stm32f4xx.o)
 .group         0x0000000000000000        0xc C:\Users\asdad\Downloads\SDK_1.0.3_NUCLEO-F401RE\lib_stm\libLibraries.a(system_stm32f4xx.o)
 .group         0x0000000000000000        0xc C:\Users\asdad\Downloads\SDK_1.0.3_NUCLEO-F401RE\lib_stm\libLibraries.a(system_stm32f4xx.o)
 .group         0x0000000000000000        0xc C:\Users\asdad\Downloads\SDK_1.0.3_NUCLEO-F401RE\lib_stm\libLibraries.a(system_stm32f4xx.o)
 .group         0x0000000000000000        0xc C:\Users\asdad\Downloads\SDK_1.0.3_NUCLEO-F401RE\lib_stm\libLibraries.a(system_stm32f4xx.o)
 .group         0x0000000000000000        0xc C:\Users\asdad\Downloads\SDK_1.0.3_NUCLEO-F401RE\lib_stm\libLibraries.a(system_stm32f4xx.o)
 .text          0x0000000000000000        0x0 C:\Users\asdad\Downloads\SDK_1.0.3_NUCLEO-F401RE\lib_stm\libLibraries.a(system_stm32f4xx.o)
 .data          0x0000000000000000        0x0 C:\Users\asdad\Downloads\SDK_1.0.3_NUCLEO-F401RE\lib_stm\libLibraries.a(system_stm32f4xx.o)
 .bss           0x0000000000000000        0x0 C:\Users\asdad\Downloads\SDK_1.0.3_NUCLEO-F401RE\lib_stm\libLibraries.a(system_stm32f4xx.o)
 .debug_macro   0x0000000000000000       0x6b C:\Users\asdad\Downloads\SDK_1.0.3_NUCLEO-F401RE\lib_stm\libLibraries.a(system_stm32f4xx.o)
 .debug_macro   0x0000000000000000       0x3b C:\Users\asdad\Downloads\SDK_1.0.3_NUCLEO-F401RE\lib_stm\libLibraries.a(system_stm32f4xx.o)
 .debug_macro   0x0000000000000000       0x8e C:\Users\asdad\Downloads\SDK_1.0.3_NUCLEO-F401RE\lib_stm\libLibraries.a(system_stm32f4xx.o)
 .debug_macro   0x0000000000000000       0x51 C:\Users\asdad\Downloads\SDK_1.0.3_NUCLEO-F401RE\lib_stm\libLibraries.a(system_stm32f4xx.o)
 .debug_macro   0x0000000000000000       0x6a C:\Users\asdad\Downloads\SDK_1.0.3_NUCLEO-F401RE\lib_stm\libLibraries.a(system_stm32f4xx.o)
 .debug_macro   0x0000000000000000      0x1df C:\Users\asdad\Downloads\SDK_1.0.3_NUCLEO-F401RE\lib_stm\libLibraries.a(system_stm32f4xx.o)
 .debug_macro   0x0000000000000000       0x34 C:\Users\asdad\Downloads\SDK_1.0.3_NUCLEO-F401RE\lib_stm\libLibraries.a(system_stm32f4xx.o)
 .debug_macro   0x0000000000000000       0x26 C:\Users\asdad\Downloads\SDK_1.0.3_NUCLEO-F401RE\lib_stm\libLibraries.a(system_stm32f4xx.o)
 .debug_macro   0x0000000000000000      0xe43 C:\Users\asdad\Downloads\SDK_1.0.3_NUCLEO-F401RE\lib_stm\libLibraries.a(system_stm32f4xx.o)
 .debug_macro   0x0000000000000000     0x8018 C:\Users\asdad\Downloads\SDK_1.0.3_NUCLEO-F401RE\lib_stm\libLibraries.a(system_stm32f4xx.o)
 .text          0x0000000000000000        0x0 c:/st/stm32cubeide_1.7.0/stm32cubeide/plugins/com.st.stm32cube.ide.mcu.externaltools.gnu-tools-for-stm32.9-2020-q2-update.win32_2.0.0.202105311346/tools/bin/../lib/gcc/arm-none-eabi/9.3.1/../../../../arm-none-eabi/lib/thumb/v7e-m+fp/hard\libc_nano.a(lib_a-errno.o)
 .data          0x0000000000000000        0x0 c:/st/stm32cubeide_1.7.0/stm32cubeide/plugins/com.st.stm32cube.ide.mcu.externaltools.gnu-tools-for-stm32.9-2020-q2-update.win32_2.0.0.202105311346/tools/bin/../lib/gcc/arm-none-eabi/9.3.1/../../../../arm-none-eabi/lib/thumb/v7e-m+fp/hard\libc_nano.a(lib_a-errno.o)
 .bss           0x0000000000000000        0x0 c:/st/stm32cubeide_1.7.0/stm32cubeide/plugins/com.st.stm32cube.ide.mcu.externaltools.gnu-tools-for-stm32.9-2020-q2-update.win32_2.0.0.202105311346/tools/bin/../lib/gcc/arm-none-eabi/9.3.1/../../../../arm-none-eabi/lib/thumb/v7e-m+fp/hard\libc_nano.a(lib_a-errno.o)
 .text.__errno  0x0000000000000000        0xc c:/st/stm32cubeide_1.7.0/stm32cubeide/plugins/com.st.stm32cube.ide.mcu.externaltools.gnu-tools-for-stm32.9-2020-q2-update.win32_2.0.0.202105311346/tools/bin/../lib/gcc/arm-none-eabi/9.3.1/../../../../arm-none-eabi/lib/thumb/v7e-m+fp/hard\libc_nano.a(lib_a-errno.o)
 .debug_frame   0x0000000000000000       0x20 c:/st/stm32cubeide_1.7.0/stm32cubeide/plugins/com.st.stm32cube.ide.mcu.externaltools.gnu-tools-for-stm32.9-2020-q2-update.win32_2.0.0.202105311346/tools/bin/../lib/gcc/arm-none-eabi/9.3.1/../../../../arm-none-eabi/lib/thumb/v7e-m+fp/hard\libc_nano.a(lib_a-errno.o)
 .ARM.attributes
                0x0000000000000000       0x34 c:/st/stm32cubeide_1.7.0/stm32cubeide/plugins/com.st.stm32cube.ide.mcu.externaltools.gnu-tools-for-stm32.9-2020-q2-update.win32_2.0.0.202105311346/tools/bin/../lib/gcc/arm-none-eabi/9.3.1/../../../../arm-none-eabi/lib/thumb/v7e-m+fp/hard\libc_nano.a(lib_a-errno.o)
 .text          0x0000000000000000        0x0 c:/st/stm32cubeide_1.7.0/stm32cubeide/plugins/com.st.stm32cube.ide.mcu.externaltools.gnu-tools-for-stm32.9-2020-q2-update.win32_2.0.0.202105311346/tools/bin/../lib/gcc/arm-none-eabi/9.3.1/../../../../arm-none-eabi/lib/thumb/v7e-m+fp/hard\libc_nano.a(lib_a-exit.o)
 .data          0x0000000000000000        0x0 c:/st/stm32cubeide_1.7.0/stm32cubeide/plugins/com.st.stm32cube.ide.mcu.externaltools.gnu-tools-for-stm32.9-2020-q2-update.win32_2.0.0.202105311346/tools/bin/../lib/gcc/arm-none-eabi/9.3.1/../../../../arm-none-eabi/lib/thumb/v7e-m+fp/hard\libc_nano.a(lib_a-exit.o)
 .bss           0x0000000000000000        0x0 c:/st/stm32cubeide_1.7.0/stm32cubeide/plugins/com.st.stm32cube.ide.mcu.externaltools.gnu-tools-for-stm32.9-2020-q2-update.win32_2.0.0.202105311346/tools/bin/../lib/gcc/arm-none-eabi/9.3.1/../../../../arm-none-eabi/lib/thumb/v7e-m+fp/hard\libc_nano.a(lib_a-exit.o)
 .text.exit     0x0000000000000000       0x28 c:/st/stm32cubeide_1.7.0/stm32cubeide/plugins/com.st.stm32cube.ide.mcu.externaltools.gnu-tools-for-stm32.9-2020-q2-update.win32_2.0.0.202105311346/tools/bin/../lib/gcc/arm-none-eabi/9.3.1/../../../../arm-none-eabi/lib/thumb/v7e-m+fp/hard\libc_nano.a(lib_a-exit.o)
 .debug_frame   0x0000000000000000       0x28 c:/st/stm32cubeide_1.7.0/stm32cubeide/plugins/com.st.stm32cube.ide.mcu.externaltools.gnu-tools-for-stm32.9-2020-q2-update.win32_2.0.0.202105311346/tools/bin/../lib/gcc/arm-none-eabi/9.3.1/../../../../arm-none-eabi/lib/thumb/v7e-m+fp/hard\libc_nano.a(lib_a-exit.o)
 .ARM.attributes
                0x0000000000000000       0x34 c:/st/stm32cubeide_1.7.0/stm32cubeide/plugins/com.st.stm32cube.ide.mcu.externaltools.gnu-tools-for-stm32.9-2020-q2-update.win32_2.0.0.202105311346/tools/bin/../lib/gcc/arm-none-eabi/9.3.1/../../../../arm-none-eabi/lib/thumb/v7e-m+fp/hard\libc_nano.a(lib_a-exit.o)
 .text          0x0000000000000000        0x0 c:/st/stm32cubeide_1.7.0/stm32cubeide/plugins/com.st.stm32cube.ide.mcu.externaltools.gnu-tools-for-stm32.9-2020-q2-update.win32_2.0.0.202105311346/tools/bin/../lib/gcc/arm-none-eabi/9.3.1/../../../../arm-none-eabi/lib/thumb/v7e-m+fp/hard\libc_nano.a(lib_a-impure.o)
 .data          0x0000000000000000        0x0 c:/st/stm32cubeide_1.7.0/stm32cubeide/plugins/com.st.stm32cube.ide.mcu.externaltools.gnu-tools-for-stm32.9-2020-q2-update.win32_2.0.0.202105311346/tools/bin/../lib/gcc/arm-none-eabi/9.3.1/../../../../arm-none-eabi/lib/thumb/v7e-m+fp/hard\libc_nano.a(lib_a-impure.o)
 .bss           0x0000000000000000        0x0 c:/st/stm32cubeide_1.7.0/stm32cubeide/plugins/com.st.stm32cube.ide.mcu.externaltools.gnu-tools-for-stm32.9-2020-q2-update.win32_2.0.0.202105311346/tools/bin/../lib/gcc/arm-none-eabi/9.3.1/../../../../arm-none-eabi/lib/thumb/v7e-m+fp/hard\libc_nano.a(lib_a-impure.o)
 .data._impure_ptr
                0x0000000000000000        0x4 c:/st/stm32cubeide_1.7.0/stm32cubeide/plugins/com.st.stm32cube.ide.mcu.externaltools.gnu-tools-for-stm32.9-2020-q2-update.win32_2.0.0.202105311346/tools/bin/../lib/gcc/arm-none-eabi/9.3.1/../../../../arm-none-eabi/lib/thumb/v7e-m+fp/hard\libc_nano.a(lib_a-impure.o)
 .data.impure_data
                0x0000000000000000       0x60 c:/st/stm32cubeide_1.7.0/stm32cubeide/plugins/com.st.stm32cube.ide.mcu.externaltools.gnu-tools-for-stm32.9-2020-q2-update.win32_2.0.0.202105311346/tools/bin/../lib/gcc/arm-none-eabi/9.3.1/../../../../arm-none-eabi/lib/thumb/v7e-m+fp/hard\libc_nano.a(lib_a-impure.o)
 .rodata._global_impure_ptr
                0x0000000000000000        0x4 c:/st/stm32cubeide_1.7.0/stm32cubeide/plugins/com.st.stm32cube.ide.mcu.externaltools.gnu-tools-for-stm32.9-2020-q2-update.win32_2.0.0.202105311346/tools/bin/../lib/gcc/arm-none-eabi/9.3.1/../../../../arm-none-eabi/lib/thumb/v7e-m+fp/hard\libc_nano.a(lib_a-impure.o)
 .ARM.attributes
                0x0000000000000000       0x32 c:/st/stm32cubeide_1.7.0/stm32cubeide/plugins/com.st.stm32cube.ide.mcu.externaltools.gnu-tools-for-stm32.9-2020-q2-update.win32_2.0.0.202105311346/tools/bin/../lib/gcc/arm-none-eabi/9.3.1/../../../../arm-none-eabi/lib/thumb/v7e-m+fp/hard\libc_nano.a(lib_a-impure.o)
 .text          0x0000000000000000        0x0 c:/st/stm32cubeide_1.7.0/stm32cubeide/plugins/com.st.stm32cube.ide.mcu.externaltools.gnu-tools-for-stm32.9-2020-q2-update.win32_2.0.0.202105311346/tools/bin/../lib/gcc/arm-none-eabi/9.3.1/../../../../arm-none-eabi/lib/thumb/v7e-m+fp/hard\libc_nano.a(lib_a-init.o)
 .data          0x0000000000000000        0x0 c:/st/stm32cubeide_1.7.0/stm32cubeide/plugins/com.st.stm32cube.ide.mcu.externaltools.gnu-tools-for-stm32.9-2020-q2-update.win32_2.0.0.202105311346/tools/bin/../lib/gcc/arm-none-eabi/9.3.1/../../../../arm-none-eabi/lib/thumb/v7e-m+fp/hard\libc_nano.a(lib_a-init.o)
 .bss           0x0000000000000000        0x0 c:/st/stm32cubeide_1.7.0/stm32cubeide/plugins/com.st.stm32cube.ide.mcu.externaltools.gnu-tools-for-stm32.9-2020-q2-update.win32_2.0.0.202105311346/tools/bin/../lib/gcc/arm-none-eabi/9.3.1/../../../../arm-none-eabi/lib/thumb/v7e-m+fp/hard\libc_nano.a(lib_a-init.o)
 .text          0x0000000000000000        0x0 c:/st/stm32cubeide_1.7.0/stm32cubeide/plugins/com.st.stm32cube.ide.mcu.externaltools.gnu-tools-for-stm32.9-2020-q2-update.win32_2.0.0.202105311346/tools/bin/../lib/gcc/arm-none-eabi/9.3.1/../../../../arm-none-eabi/lib/thumb/v7e-m+fp/hard\libc_nano.a(lib_a-memset.o)
 .data          0x0000000000000000        0x0 c:/st/stm32cubeide_1.7.0/stm32cubeide/plugins/com.st.stm32cube.ide.mcu.externaltools.gnu-tools-for-stm32.9-2020-q2-update.win32_2.0.0.202105311346/tools/bin/../lib/gcc/arm-none-eabi/9.3.1/../../../../arm-none-eabi/lib/thumb/v7e-m+fp/hard\libc_nano.a(lib_a-memset.o)
 .bss           0x0000000000000000        0x0 c:/st/stm32cubeide_1.7.0/stm32cubeide/plugins/com.st.stm32cube.ide.mcu.externaltools.gnu-tools-for-stm32.9-2020-q2-update.win32_2.0.0.202105311346/tools/bin/../lib/gcc/arm-none-eabi/9.3.1/../../../../arm-none-eabi/lib/thumb/v7e-m+fp/hard\libc_nano.a(lib_a-memset.o)
 .text.memset   0x0000000000000000       0x10 c:/st/stm32cubeide_1.7.0/stm32cubeide/plugins/com.st.stm32cube.ide.mcu.externaltools.gnu-tools-for-stm32.9-2020-q2-update.win32_2.0.0.202105311346/tools/bin/../lib/gcc/arm-none-eabi/9.3.1/../../../../arm-none-eabi/lib/thumb/v7e-m+fp/hard\libc_nano.a(lib_a-memset.o)
 .debug_frame   0x0000000000000000       0x20 c:/st/stm32cubeide_1.7.0/stm32cubeide/plugins/com.st.stm32cube.ide.mcu.externaltools.gnu-tools-for-stm32.9-2020-q2-update.win32_2.0.0.202105311346/tools/bin/../lib/gcc/arm-none-eabi/9.3.1/../../../../arm-none-eabi/lib/thumb/v7e-m+fp/hard\libc_nano.a(lib_a-memset.o)
 .ARM.attributes
                0x0000000000000000       0x34 c:/st/stm32cubeide_1.7.0/stm32cubeide/plugins/com.st.stm32cube.ide.mcu.externaltools.gnu-tools-for-stm32.9-2020-q2-update.win32_2.0.0.202105311346/tools/bin/../lib/gcc/arm-none-eabi/9.3.1/../../../../arm-none-eabi/lib/thumb/v7e-m+fp/hard\libc_nano.a(lib_a-memset.o)
 .text          0x0000000000000000        0x0 c:/st/stm32cubeide_1.7.0/stm32cubeide/plugins/com.st.stm32cube.ide.mcu.externaltools.gnu-tools-for-stm32.9-2020-q2-update.win32_2.0.0.202105311346/tools/bin/../lib/gcc/arm-none-eabi/9.3.1/thumb/v7e-m+fp/hard/crtend.o
 .data          0x0000000000000000        0x0 c:/st/stm32cubeide_1.7.0/stm32cubeide/plugins/com.st.stm32cube.ide.mcu.externaltools.gnu-tools-for-stm32.9-2020-q2-update.win32_2.0.0.202105311346/tools/bin/../lib/gcc/arm-none-eabi/9.3.1/thumb/v7e-m+fp/hard/crtend.o
 .bss           0x0000000000000000        0x0 c:/st/stm32cubeide_1.7.0/stm32cubeide/plugins/com.st.stm32cube.ide.mcu.externaltools.gnu-tools-for-stm32.9-2020-q2-update.win32_2.0.0.202105311346/tools/bin/../lib/gcc/arm-none-eabi/9.3.1/thumb/v7e-m+fp/hard/crtend.o
 .eh_frame      0x0000000000000000        0x4 c:/st/stm32cubeide_1.7.0/stm32cubeide/plugins/com.st.stm32cube.ide.mcu.externaltools.gnu-tools-for-stm32.9-2020-q2-update.win32_2.0.0.202105311346/tools/bin/../lib/gcc/arm-none-eabi/9.3.1/thumb/v7e-m+fp/hard/crtend.o
 .ARM.attributes
                0x0000000000000000       0x32 c:/st/stm32cubeide_1.7.0/stm32cubeide/plugins/com.st.stm32cube.ide.mcu.externaltools.gnu-tools-for-stm32.9-2020-q2-update.win32_2.0.0.202105311346/tools/bin/../lib/gcc/arm-none-eabi/9.3.1/thumb/v7e-m+fp/hard/crtend.o
 .text          0x0000000000000000        0x0 c:/st/stm32cubeide_1.7.0/stm32cubeide/plugins/com.st.stm32cube.ide.mcu.externaltools.gnu-tools-for-stm32.9-2020-q2-update.win32_2.0.0.202105311346/tools/bin/../lib/gcc/arm-none-eabi/9.3.1/thumb/v7e-m+fp/hard/crtn.o
 .data          0x0000000000000000        0x0 c:/st/stm32cubeide_1.7.0/stm32cubeide/plugins/com.st.stm32cube.ide.mcu.externaltools.gnu-tools-for-stm32.9-2020-q2-update.win32_2.0.0.202105311346/tools/bin/../lib/gcc/arm-none-eabi/9.3.1/thumb/v7e-m+fp/hard/crtn.o
 .bss           0x0000000000000000        0x0 c:/st/stm32cubeide_1.7.0/stm32cubeide/plugins/com.st.stm32cube.ide.mcu.externaltools.gnu-tools-for-stm32.9-2020-q2-update.win32_2.0.0.202105311346/tools/bin/../lib/gcc/arm-none-eabi/9.3.1/thumb/v7e-m+fp/hard/crtn.o

Memory Configuration

Name             Origin             Length             Attributes
RAM              0x0000000020000000 0x0000000000018000 xrw
FLASH            0x0000000008000000 0x0000000000080000 xr
*default*        0x0000000000000000 0xffffffffffffffff

Linker script and memory map

LOAD c:/st/stm32cubeide_1.7.0/stm32cubeide/plugins/com.st.stm32cube.ide.mcu.externaltools.gnu-tools-for-stm32.9-2020-q2-update.win32_2.0.0.202105311346/tools/bin/../lib/gcc/arm-none-eabi/9.3.1/thumb/v7e-m+fp/hard/crti.o
LOAD c:/st/stm32cubeide_1.7.0/stm32cubeide/plugins/com.st.stm32cube.ide.mcu.externaltools.gnu-tools-for-stm32.9-2020-q2-update.win32_2.0.0.202105311346/tools/bin/../lib/gcc/arm-none-eabi/9.3.1/thumb/v7e-m+fp/hard/crtbegin.o
LOAD c:/st/stm32cubeide_1.7.0/stm32cubeide/plugins/com.st.stm32cube.ide.mcu.externaltools.gnu-tools-for-stm32.9-2020-q2-update.win32_2.0.0.202105311346/tools/bin/../lib/gcc/arm-none-eabi/9.3.1/../../../../arm-none-eabi/lib/thumb/v7e-m+fp/hard/crt0.o
LOAD ./Src/bai2.o
LOAD ./Src/nvic.o
LOAD ./Src/stm32f401re_exti.o
LOAD ./Src/stm32f401re_gpio.o
LOAD ./Src/stm32f401re_rcc.o
LOAD ./Src/stm32f401re_syscfg.o
LOAD ./Src/syscalls.o
LOAD ./Src/sysmem.o
LOAD ./Startup/startup_stm32f401retx.o
LOAD C:\Users\asdad\Downloads\SDK_1.0.3_NUCLEO-F401RE\lib_stm\libLibraries.a
START GROUP
LOAD c:/st/stm32cubeide_1.7.0/stm32cubeide/plugins/com.st.stm32cube.ide.mcu.externaltools.gnu-tools-for-stm32.9-2020-q2-update.win32_2.0.0.202105311346/tools/bin/../lib/gcc/arm-none-eabi/9.3.1/../../../../arm-none-eabi/lib/thumb/v7e-m+fp/hard\libc_nano.a
LOAD c:/st/stm32cubeide_1.7.0/stm32cubeide/plugins/com.st.stm32cube.ide.mcu.externaltools.gnu-tools-for-stm32.9-2020-q2-update.win32_2.0.0.202105311346/tools/bin/../lib/gcc/arm-none-eabi/9.3.1/../../../../arm-none-eabi/lib/thumb/v7e-m+fp/hard\libm.a
END GROUP
START GROUP
LOAD c:/st/stm32cubeide_1.7.0/stm32cubeide/plugins/com.st.stm32cube.ide.mcu.externaltools.gnu-tools-for-stm32.9-2020-q2-update.win32_2.0.0.202105311346/tools/bin/../lib/gcc/arm-none-eabi/9.3.1/thumb/v7e-m+fp/hard\libgcc.a
LOAD c:/st/stm32cubeide_1.7.0/stm32cubeide/plugins/com.st.stm32cube.ide.mcu.externaltools.gnu-tools-for-stm32.9-2020-q2-update.win32_2.0.0.202105311346/tools/bin/../lib/gcc/arm-none-eabi/9.3.1/../../../../arm-none-eabi/lib/thumb/v7e-m+fp/hard\libc_nano.a
END GROUP
START GROUP
LOAD c:/st/stm32cubeide_1.7.0/stm32cubeide/plugins/com.st.stm32cube.ide.mcu.externaltools.gnu-tools-for-stm32.9-2020-q2-update.win32_2.0.0.202105311346/tools/bin/../lib/gcc/arm-none-eabi/9.3.1/thumb/v7e-m+fp/hard\libgcc.a
LOAD c:/st/stm32cubeide_1.7.0/stm32cubeide/plugins/com.st.stm32cube.ide.mcu.externaltools.gnu-tools-for-stm32.9-2020-q2-update.win32_2.0.0.202105311346/tools/bin/../lib/gcc/arm-none-eabi/9.3.1/../../../../arm-none-eabi/lib/thumb/v7e-m+fp/hard\libc_nano.a
LOAD c:/st/stm32cubeide_1.7.0/stm32cubeide/plugins/com.st.stm32cube.ide.mcu.externaltools.gnu-tools-for-stm32.9-2020-q2-update.win32_2.0.0.202105311346/tools/bin/../lib/gcc/arm-none-eabi/9.3.1/../../../../arm-none-eabi/lib/thumb/v7e-m+fp/hard\libnosys.a
END GROUP
START GROUP
LOAD c:/st/stm32cubeide_1.7.0/stm32cubeide/plugins/com.st.stm32cube.ide.mcu.externaltools.gnu-tools-for-stm32.9-2020-q2-update.win32_2.0.0.202105311346/tools/bin/../lib/gcc/arm-none-eabi/9.3.1/thumb/v7e-m+fp/hard\libgcc.a
LOAD c:/st/stm32cubeide_1.7.0/stm32cubeide/plugins/com.st.stm32cube.ide.mcu.externaltools.gnu-tools-for-stm32.9-2020-q2-update.win32_2.0.0.202105311346/tools/bin/../lib/gcc/arm-none-eabi/9.3.1/../../../../arm-none-eabi/lib/thumb/v7e-m+fp/hard\libc_nano.a
LOAD c:/st/stm32cubeide_1.7.0/stm32cubeide/plugins/com.st.stm32cube.ide.mcu.externaltools.gnu-tools-for-stm32.9-2020-q2-update.win32_2.0.0.202105311346/tools/bin/../lib/gcc/arm-none-eabi/9.3.1/../../../../arm-none-eabi/lib/thumb/v7e-m+fp/hard\libnosys.a
END GROUP
LOAD c:/st/stm32cubeide_1.7.0/stm32cubeide/plugins/com.st.stm32cube.ide.mcu.externaltools.gnu-tools-for-stm32.9-2020-q2-update.win32_2.0.0.202105311346/tools/bin/../lib/gcc/arm-none-eabi/9.3.1/thumb/v7e-m+fp/hard/crtend.o
LOAD c:/st/stm32cubeide_1.7.0/stm32cubeide/plugins/com.st.stm32cube.ide.mcu.externaltools.gnu-tools-for-stm32.9-2020-q2-update.win32_2.0.0.202105311346/tools/bin/../lib/gcc/arm-none-eabi/9.3.1/thumb/v7e-m+fp/hard/crtn.o
                0x0000000020018000                _estack = (ORIGIN (RAM) + LENGTH (RAM))
                0x0000000000000200                _Min_Heap_Size = 0x200
                0x0000000000000400                _Min_Stack_Size = 0x400

.isr_vector     0x0000000008000000      0x194
                0x0000000008000000                . = ALIGN (0x4)
 *(.isr_vector)
 .isr_vector    0x0000000008000000      0x194 ./Startup/startup_stm32f401retx.o
                0x0000000008000000                g_pfnVectors
                0x0000000008000194                . = ALIGN (0x4)

.text           0x0000000008000194      0x89c
                0x0000000008000194                . = ALIGN (0x4)
 *(.text)
 .text          0x0000000008000194       0x40 c:/st/stm32cubeide_1.7.0/stm32cubeide/plugins/com.st.stm32cube.ide.mcu.externaltools.gnu-tools-for-stm32.9-2020-q2-update.win32_2.0.0.202105311346/tools/bin/../lib/gcc/arm-none-eabi/9.3.1/thumb/v7e-m+fp/hard/crtbegin.o
 *(.text*)
 .text.EXTI3_IRQHandler
                0x00000000080001d4       0x34 ./Src/bai2.o
                0x00000000080001d4                EXTI3_IRQHandler
 .text.main     0x0000000008000208       0x3c ./Src/bai2.o
                0x0000000008000208                main
 .text.Led_Init
                0x0000000008000244       0x38 ./Src/bai2.o
 .text.Interrupt_Init
                0x000000000800027c       0x7c ./Src/bai2.o
 .text.delay    0x00000000080002f8       0x2c ./Src/bai2.o
 .text.LedControl_Status
                0x0000000008000324       0x34 ./Src/bai2.o
 .text.NVIC_Init
                0x0000000008000358       0xc4 ./Src/nvic.o
                0x0000000008000358                NVIC_Init
 .text.EXTI_Init
                0x000000000800041c       0xe4 ./Src/stm32f401re_exti.o
                0x000000000800041c                EXTI_Init
 .text.EXTI_GetFlagStatus
                0x0000000008000500       0x34 ./Src/stm32f401re_exti.o
                0x0000000008000500                EXTI_GetFlagStatus
 .text.EXTI_ClearITPendingBit
                0x0000000008000534       0x20 ./Src/stm32f401re_exti.o
                0x0000000008000534                EXTI_ClearITPendingBit
 .text.GPIO_Init
                0x0000000008000554      0x11e ./Src/stm32f401re_gpio.o
                0x0000000008000554                GPIO_Init
 *fill*         0x0000000008000672        0x2 
 .text.RCC_AHB1PeriphClockCmd
                0x0000000008000674       0x40 ./Src/stm32f401re_rcc.o
                0x0000000008000674                RCC_AHB1PeriphClockCmd
 .text.RCC_APB2PeriphClockCmd
                0x00000000080006b4       0x40 ./Src/stm32f401re_rcc.o
                0x00000000080006b4                RCC_APB2PeriphClockCmd
 .text.SYSCFG_EXTILineConfig
                0x00000000080006f4       0x84 ./Src/stm32f401re_syscfg.o
                0x00000000080006f4                SYSCFG_EXTILineConfig
 .text.Reset_Handler
                0x0000000008000778       0x50 ./Startup/startup_stm32f401retx.o
                0x0000000008000778                Reset_Handler
 .text.Default_Handler
                0x00000000080007c8        0x2 ./Startup/startup_stm32f401retx.o
                0x00000000080007c8                EXTI2_IRQHandler
                0x00000000080007c8                DebugMon_Handler
                0x00000000080007c8                SPI4_IRQHandler
                0x00000000080007c8                TIM1_CC_IRQHandler
                0x00000000080007c8                HardFault_Handler
                0x00000000080007c8                SysTick_Handler
                0x00000000080007c8                SDIO_IRQHandler
                0x00000000080007c8                TAMP_STAMP_IRQHandler
                0x00000000080007c8                PendSV_Handler
                0x00000000080007c8                NMI_Handler
                0x00000000080007c8                TIM1_UP_TIM10_IRQHandler
                0x00000000080007c8                I2C3_ER_IRQHandler
                0x00000000080007c8                EXTI18_OTG_FS_WKUP_IRQHandler
                0x00000000080007c8                EXTI0_IRQHandler
                0x00000000080007c8                I2C2_EV_IRQHandler
                0x00000000080007c8                FPU_IRQHandler
                0x00000000080007c8                UsageFault_Handler
                0x00000000080007c8                SPI1_IRQHandler
                0x00000000080007c8                TIM1_BRK_TIM9_IRQHandler
                0x00000000080007c8                USART6_IRQHandler
                0x00000000080007c8                TIM4_IRQHandler
                0x00000000080007c8                I2C1_EV_IRQHandler
                0x00000000080007c8                TIM3_IRQHandler
                0x00000000080007c8                RCC_IRQHandler
                0x00000000080007c8                Default_Handler
                0x00000000080007c8                EXTI15_10_IRQHandler
                0x00000000080007c8                ADC_IRQHandler
                0x00000000080007c8                TIM5_IRQHandler
                0x00000000080007c8                I2C3_EV_IRQHandler
                0x00000000080007c8                EXTI9_5_IRQHandler
                0x00000000080007c8                SPI2_IRQHandler
                0x00000000080007c8                MemManage_Handler
                0x00000000080007c8                SVC_Handler
                0x00000000080007c8                EXTI4_IRQHandler
                0x00000000080007c8                EXTI22_RTC_WKUP_IRQHandler
                0x00000000080007c8                TIM2_IRQHandler
                0x00000000080007c8                EXTI16_PVD_IRQHandler
                0x00000000080007c8                TIM1_TRG_COM_TIM11_IRQHandler
                0x00000000080007c8                EXTI1_IRQHandler
                0x00000000080007c8                EXTI17_RTC_Alarm_IRQHandler
                0x00000000080007c8                USART2_IRQHandler
                0x00000000080007c8                I2C2_ER_IRQHandler
                0x00000000080007c8                FLASH_IRQHandler
                0x00000000080007c8                BusFault_Handler
                0x00000000080007c8                USART1_IRQHandler
                0x00000000080007c8                OTG_FS_IRQHandler
                0x00000000080007c8                SPI3_IRQHandler
                0x00000000080007c8                I2C1_ER_IRQHandler
 *fill*         0x00000000080007ca        0x2 
 .text.SystemInit
                0x00000000080007cc       0x6c C:\Users\asdad\Downloads\SDK_1.0.3_NUCLEO-F401RE\lib_stm\libLibraries.a(system_stm32f4xx.o)
                0x00000000080007cc                SystemInit
 .text.SystemCoreClockUpdate
                0x0000000008000838       0xf8 C:\Users\asdad\Downloads\SDK_1.0.3_NUCLEO-F401RE\lib_stm\libLibraries.a(system_stm32f4xx.o)
                0x0000000008000838                SystemCoreClockUpdate
 .text.SetSysClock
                0x0000000008000930       0xa0 C:\Users\asdad\Downloads\SDK_1.0.3_NUCLEO-F401RE\lib_stm\libLibraries.a(system_stm32f4xx.o)
 .text.__libc_init_array
                0x00000000080009d0       0x48 c:/st/stm32cubeide_1.7.0/stm32cubeide/plugins/com.st.stm32cube.ide.mcu.externaltools.gnu-tools-for-stm32.9-2020-q2-update.win32_2.0.0.202105311346/tools/bin/../lib/gcc/arm-none-eabi/9.3.1/../../../../arm-none-eabi/lib/thumb/v7e-m+fp/hard\libc_nano.a(lib_a-init.o)
                0x00000000080009d0                __libc_init_array
 *(.glue_7)
 .glue_7        0x0000000008000a18        0x0 linker stubs
 *(.glue_7t)
 .glue_7t       0x0000000008000a18        0x0 linker stubs
 *(.eh_frame)
 .eh_frame      0x0000000008000a18        0x0 c:/st/stm32cubeide_1.7.0/stm32cubeide/plugins/com.st.stm32cube.ide.mcu.externaltools.gnu-tools-for-stm32.9-2020-q2-update.win32_2.0.0.202105311346/tools/bin/../lib/gcc/arm-none-eabi/9.3.1/thumb/v7e-m+fp/hard/crtbegin.o
 *(.init)
 .init          0x0000000008000a18        0x4 c:/st/stm32cubeide_1.7.0/stm32cubeide/plugins/com.st.stm32cube.ide.mcu.externaltools.gnu-tools-for-stm32.9-2020-q2-update.win32_2.0.0.202105311346/tools/bin/../lib/gcc/arm-none-eabi/9.3.1/thumb/v7e-m+fp/hard/crti.o
                0x0000000008000a18                _init
 .init          0x0000000008000a1c        0x8 c:/st/stm32cubeide_1.7.0/stm32cubeide/plugins/com.st.stm32cube.ide.mcu.externaltools.gnu-tools-for-stm32.9-2020-q2-update.win32_2.0.0.202105311346/tools/bin/../lib/gcc/arm-none-eabi/9.3.1/thumb/v7e-m+fp/hard/crtn.o
 *(.fini)
 .fini          0x0000000008000a24        0x4 c:/st/stm32cubeide_1.7.0/stm32cubeide/plugins/com.st.stm32cube.ide.mcu.externaltools.gnu-tools-for-stm32.9-2020-q2-update.win32_2.0.0.202105311346/tools/bin/../lib/gcc/arm-none-eabi/9.3.1/thumb/v7e-m+fp/hard/crti.o
                0x0000000008000a24                _fini
 .fini          0x0000000008000a28        0x8 c:/st/stm32cubeide_1.7.0/stm32cubeide/plugins/com.st.stm32cube.ide.mcu.externaltools.gnu-tools-for-stm32.9-2020-q2-update.win32_2.0.0.202105311346/tools/bin/../lib/gcc/arm-none-eabi/9.3.1/thumb/v7e-m+fp/hard/crtn.o
                0x0000000008000a30                . = ALIGN (0x4)
                0x0000000008000a30                _etext = .

.vfp11_veneer   0x0000000008000a30        0x0
 .vfp11_veneer  0x0000000008000a30        0x0 linker stubs

.v4_bx          0x0000000008000a30        0x0
 .v4_bx         0x0000000008000a30        0x0 linker stubs

.iplt           0x0000000008000a30        0x0
 .iplt          0x0000000008000a30        0x0 c:/st/stm32cubeide_1.7.0/stm32cubeide/plugins/com.st.stm32cube.ide.mcu.externaltools.gnu-tools-for-stm32.9-2020-q2-update.win32_2.0.0.202105311346/tools/bin/../lib/gcc/arm-none-eabi/9.3.1/thumb/v7e-m+fp/hard/crtbegin.o

.rel.dyn        0x0000000008000a30        0x0
 .rel.iplt      0x0000000008000a30        0x0 c:/st/stm32cubeide_1.7.0/stm32cubeide/plugins/com.st.stm32cube.ide.mcu.externaltools.gnu-tools-for-stm32.9-2020-q2-update.win32_2.0.0.202105311346/tools/bin/../lib/gcc/arm-none-eabi/9.3.1/thumb/v7e-m+fp/hard/crtbegin.o

.rodata         0x0000000008000a30        0x0
                0x0000000008000a30                . = ALIGN (0x4)
 *(.rodata)
 *(.rodata*)
                0x0000000008000a30                . = ALIGN (0x4)

.ARM.extab      0x0000000008000a30        0x0
                0x0000000008000a30                . = ALIGN (0x4)
 *(.ARM.extab* .gnu.linkonce.armextab.*)
                0x0000000008000a30                . = ALIGN (0x4)

.ARM            0x0000000008000a30        0x0
                0x0000000008000a30                . = ALIGN (0x4)
                0x0000000008000a30                __exidx_start = .
 *(.ARM.exidx*)
                0x0000000008000a30                __exidx_end = .
                0x0000000008000a30                . = ALIGN (0x4)

.preinit_array  0x0000000008000a30        0x0
                0x0000000008000a30                . = ALIGN (0x4)
                0x0000000008000a30                PROVIDE (__preinit_array_start = .)
 *(.preinit_array*)
                0x0000000008000a30                PROVIDE (__preinit_array_end = .)
                0x0000000008000a30                . = ALIGN (0x4)

.init_array     0x0000000008000a30        0x4
                0x0000000008000a30                . = ALIGN (0x4)
                0x0000000008000a30                PROVIDE (__init_array_start = .)
 *(SORT_BY_NAME(.init_array.*))
 *(.init_array*)
 .init_array    0x0000000008000a30        0x4 c:/st/stm32cubeide_1.7.0/stm32cubeide/plugins/com.st.stm32cube.ide.mcu.externaltools.gnu-tools-for-stm32.9-2020-q2-update.win32_2.0.0.202105311346/tools/bin/../lib/gcc/arm-none-eabi/9.3.1/thumb/v7e-m+fp/hard/crtbegin.o
                0x0000000008000a34                PROVIDE (__init_array_end = .)
                0x0000000008000a34                . = ALIGN (0x4)

.fini_array     0x0000000008000a34        0x4
                0x0000000008000a34                . = ALIGN (0x4)
                [!provide]                        PROVIDE (__fini_array_start = .)
 *(SORT_BY_NAME(.fini_array.*))
 *(.fini_array*)
 .fini_array    0x0000000008000a34        0x4 c:/st/stm32cubeide_1.7.0/stm32cubeide/plugins/com.st.stm32cube.ide.mcu.externaltools.gnu-tools-for-stm32.9-2020-q2-update.win32_2.0.0.202105311346/tools/bin/../lib/gcc/arm-none-eabi/9.3.1/thumb/v7e-m+fp/hard/crtbegin.o
                [!provide]                        PROVIDE (__fini_array_end = .)
                0x0000000008000a38                . = ALIGN (0x4)
                0x0000000008000a38                _sidata = LOADADDR (.data)

.data           0x0000000020000000       0x14 load address 0x0000000008000a38
                0x0000000020000000                . = ALIGN (0x4)
                0x0000000020000000                _sdata = .
 *(.data)
 *(.data*)
 .data.SystemCoreClock
                0x0000000020000000        0x4 C:\Users\asdad\Downloads\SDK_1.0.3_NUCLEO-F401RE\lib_stm\libLibraries.a(system_stm32f4xx.o)
                0x0000000020000000                SystemCoreClock
 .data.AHBPrescTable
                0x0000000020000004       0x10 C:\Users\asdad\Downloads\SDK_1.0.3_NUCLEO-F401RE\lib_stm\libLibraries.a(system_stm32f4xx.o)
                0x0000000020000004                AHBPrescTable
 *(.RamFunc)
 *(.RamFunc*)
                0x0000000020000014                . = ALIGN (0x4)
                0x0000000020000014                _edata = .

.igot.plt       0x0000000020000014        0x0 load address 0x0000000008000a4c
 .igot.plt      0x0000000020000014        0x0 c:/st/stm32cubeide_1.7.0/stm32cubeide/plugins/com.st.stm32cube.ide.mcu.externaltools.gnu-tools-for-stm32.9-2020-q2-update.win32_2.0.0.202105311346/tools/bin/../lib/gcc/arm-none-eabi/9.3.1/thumb/v7e-m+fp/hard/crtbegin.o
                0x0000000020000014                . = ALIGN (0x4)

.bss            0x0000000020000014       0x20 load address 0x0000000008000a4c
                0x0000000020000014                _sbss = .
                0x0000000020000014                __bss_start__ = _sbss
 *(.bss)
 .bss           0x0000000020000014       0x1c c:/st/stm32cubeide_1.7.0/stm32cubeide/plugins/com.st.stm32cube.ide.mcu.externaltools.gnu-tools-for-stm32.9-2020-q2-update.win32_2.0.0.202105311346/tools/bin/../lib/gcc/arm-none-eabi/9.3.1/thumb/v7e-m+fp/hard/crtbegin.o
 *(.bss*)
 .bss.Status    0x0000000020000030        0x1 ./Src/bai2.o
                0x0000000020000030                Status
 *(COMMON)
                0x0000000020000034                . = ALIGN (0x4)
 *fill*         0x0000000020000031        0x3 
                0x0000000020000034                _ebss = .
                0x0000000020000034                __bss_end__ = _ebss

._user_heap_stack
                0x0000000020000034      0x604 load address 0x0000000008000a4c
                0x0000000020000038                . = ALIGN (0x8)
 *fill*         0x0000000020000034        0x4 
                [!provide]                        PROVIDE (end = .)
                0x0000000020000038                PROVIDE (_end = .)
                0x0000000020000238                . = (. + _Min_Heap_Size)
 *fill*         0x0000000020000038      0x200 
                0x0000000020000638                . = (. + _Min_Stack_Size)
 *fill*         0x0000000020000238      0x400 
                0x0000000020000638                . = ALIGN (0x8)

/DISCARD/
 libc.a(*)
 libm.a(*)
 libgcc.a(*)

.ARM.attributes
                0x0000000000000000       0x30
 *(.ARM.attributes)
 .ARM.attributes
                0x0000000000000000       0x1e c:/st/stm32cubeide_1.7.0/stm32cubeide/plugins/com.st.stm32cube.ide.mcu.externaltools.gnu-tools-for-stm32.9-2020-q2-update.win32_2.0.0.202105311346/tools/bin/../lib/gcc/arm-none-eabi/9.3.1/thumb/v7e-m+fp/hard/crti.o
 .ARM.attributes
                0x000000000000001e       0x34 c:/st/stm32cubeide_1.7.0/stm32cubeide/plugins/com.st.stm32cube.ide.mcu.externaltools.gnu-tools-for-stm32.9-2020-q2-update.win32_2.0.0.202105311346/tools/bin/../lib/gcc/arm-none-eabi/9.3.1/thumb/v7e-m+fp/hard/crtbegin.o
 .ARM.attributes
                0x0000000000000052       0x34 ./Src/bai2.o
 .ARM.attributes
                0x0000000000000086       0x34 ./Src/nvic.o
 .ARM.attributes
                0x00000000000000ba       0x34 ./Src/stm32f401re_exti.o
 .ARM.attributes
                0x00000000000000ee       0x34 ./Src/stm32f401re_gpio.o
 .ARM.attributes
                0x0000000000000122       0x34 ./Src/stm32f401re_rcc.o
 .ARM.attributes
                0x0000000000000156       0x34 ./Src/stm32f401re_syscfg.o
 .ARM.attributes
                0x000000000000018a       0x21 ./Startup/startup_stm32f401retx.o
 .ARM.attributes
                0x00000000000001ab       0x39 C:\Users\asdad\Downloads\SDK_1.0.3_NUCLEO-F401RE\lib_stm\libLibraries.a(system_stm32f4xx.o)
 .ARM.attributes
                0x00000000000001e4       0x34 c:/st/stm32cubeide_1.7.0/stm32cubeide/plugins/com.st.stm32cube.ide.mcu.externaltools.gnu-tools-for-stm32.9-2020-q2-update.win32_2.0.0.202105311346/tools/bin/../lib/gcc/arm-none-eabi/9.3.1/../../../../arm-none-eabi/lib/thumb/v7e-m+fp/hard\libc_nano.a(lib_a-init.o)
 .ARM.attributes
                0x0000000000000218       0x1e c:/st/stm32cubeide_1.7.0/stm32cubeide/plugins/com.st.stm32cube.ide.mcu.externaltools.gnu-tools-for-stm32.9-2020-q2-update.win32_2.0.0.202105311346/tools/bin/../lib/gcc/arm-none-eabi/9.3.1/thumb/v7e-m+fp/hard/crtn.o
OUTPUT(Bai8_CauHinhNgatChoChanGPIO.elf elf32-littlearm)
LOAD linker stubs
LOAD c:/st/stm32cubeide_1.7.0/stm32cubeide/plugins/com.st.stm32cube.ide.mcu.externaltools.gnu-tools-for-stm32.9-2020-q2-update.win32_2.0.0.202105311346/tools/bin/../lib/gcc/arm-none-eabi/9.3.1/../../../../arm-none-eabi/lib/thumb/v7e-m+fp/hard\libc.a
LOAD c:/st/stm32cubeide_1.7.0/stm32cubeide/plugins/com.st.stm32cube.ide.mcu.externaltools.gnu-tools-for-stm32.9-2020-q2-update.win32_2.0.0.202105311346/tools/bin/../lib/gcc/arm-none-eabi/9.3.1/../../../../arm-none-eabi/lib/thumb/v7e-m+fp/hard\libm.a
LOAD c:/st/stm32cubeide_1.7.0/stm32cubeide/plugins/com.st.stm32cube.ide.mcu.externaltools.gnu-tools-for-stm32.9-2020-q2-update.win32_2.0.0.202105311346/tools/bin/../lib/gcc/arm-none-eabi/9.3.1/thumb/v7e-m+fp/hard\libgcc.a

.debug_info     0x0000000000000000     0x2c5b
 .debug_info    0x0000000000000000      0x69e ./Src/bai2.o
 .debug_info    0x000000000000069e      0x596 ./Src/nvic.o
 .debug_info    0x0000000000000c34      0x35c ./Src/stm32f401re_exti.o
 .debug_info    0x0000000000000f90      0x62b ./Src/stm32f401re_gpio.o
 .debug_info    0x00000000000015bb      0xe21 ./Src/stm32f401re_rcc.o
 .debug_info    0x00000000000023dc      0x2a2 ./Src/stm32f401re_syscfg.o
 .debug_info    0x000000000000267e       0x22 ./Startup/startup_stm32f401retx.o
 .debug_info    0x00000000000026a0      0x5bb C:\Users\asdad\Downloads\SDK_1.0.3_NUCLEO-F401RE\lib_stm\libLibraries.a(system_stm32f4xx.o)

.debug_abbrev   0x0000000000000000      0xbba
 .debug_abbrev  0x0000000000000000      0x1f1 ./Src/bai2.o
 .debug_abbrev  0x00000000000001f1      0x199 ./Src/nvic.o
 .debug_abbrev  0x000000000000038a      0x191 ./Src/stm32f401re_exti.o
 .debug_abbrev  0x000000000000051b      0x1c5 ./Src/stm32f401re_gpio.o
 .debug_abbrev  0x00000000000006e0      0x229 ./Src/stm32f401re_rcc.o
 .debug_abbrev  0x0000000000000909      0x167 ./Src/stm32f401re_syscfg.o
 .debug_abbrev  0x0000000000000a70       0x12 ./Startup/startup_stm32f401retx.o
 .debug_abbrev  0x0000000000000a82      0x138 C:\Users\asdad\Downloads\SDK_1.0.3_NUCLEO-F401RE\lib_stm\libLibraries.a(system_stm32f4xx.o)

.debug_aranges  0x0000000000000000      0x390
 .debug_aranges
                0x0000000000000000       0x48 ./Src/bai2.o
 .debug_aranges
                0x0000000000000048       0x40 ./Src/nvic.o
 .debug_aranges
                0x0000000000000088       0x50 ./Src/stm32f401re_exti.o
 .debug_aranges
                0x00000000000000d8       0x80 ./Src/stm32f401re_gpio.o
 .debug_aranges
                0x0000000000000158      0x198 ./Src/stm32f401re_rcc.o
 .debug_aranges
                0x00000000000002f0       0x48 ./Src/stm32f401re_syscfg.o
 .debug_aranges
                0x0000000000000338       0x28 ./Startup/startup_stm32f401retx.o
 .debug_aranges
                0x0000000000000360       0x30 C:\Users\asdad\Downloads\SDK_1.0.3_NUCLEO-F401RE\lib_stm\libLibraries.a(system_stm32f4xx.o)

.debug_ranges   0x0000000000000000      0x318
 .debug_ranges  0x0000000000000000       0x38 ./Src/bai2.o
 .debug_ranges  0x0000000000000038       0x30 ./Src/nvic.o
 .debug_ranges  0x0000000000000068       0x40 ./Src/stm32f401re_exti.o
 .debug_ranges  0x00000000000000a8       0x70 ./Src/stm32f401re_gpio.o
 .debug_ranges  0x0000000000000118      0x188 ./Src/stm32f401re_rcc.o
 .debug_ranges  0x00000000000002a0       0x38 ./Src/stm32f401re_syscfg.o
 .debug_ranges  0x00000000000002d8       0x20 ./Startup/startup_stm32f401retx.o
 .debug_ranges  0x00000000000002f8       0x20 C:\Users\asdad\Downloads\SDK_1.0.3_NUCLEO-F401RE\lib_stm\libLibraries.a(system_stm32f4xx.o)

.debug_macro    0x0000000000000000     0xc015
 .debug_macro   0x0000000000000000      0x11f ./Src/bai2.o
 .debug_macro   0x000000000000011f      0xab4 ./Src/bai2.o
 .debug_macro   0x0000000000000bd3       0x22 ./Src/bai2.o
 .debug_macro   0x0000000000000bf5       0x8e ./Src/bai2.o
 .debug_macro   0x0000000000000c83       0x51 ./Src/bai2.o
 .debug_macro   0x0000000000000cd4      0x103 ./Src/bai2.o
 .debug_macro   0x0000000000000dd7       0x6a ./Src/bai2.o
 .debug_macro   0x0000000000000e41      0x1df ./Src/bai2.o
 .debug_macro   0x0000000000001020       0x6b ./Src/bai2.o
 .debug_macro   0x000000000000108b       0x3b ./Src/bai2.o
 .debug_macro   0x00000000000010c6       0x34 ./Src/bai2.o
 .debug_macro   0x00000000000010fa       0x26 ./Src/bai2.o
 .debug_macro   0x0000000000001120      0xe43 ./Src/bai2.o
 .debug_macro   0x0000000000001f63     0x8018 ./Src/bai2.o
 .debug_macro   0x0000000000009f7b      0x644 ./Src/bai2.o
 .debug_macro   0x000000000000a5bf      0x2f4 ./Src/bai2.o
 .debug_macro   0x000000000000a8b3      0x10d ./Src/bai2.o
 .debug_macro   0x000000000000a9c0       0xb6 ./Src/bai2.o
 .debug_macro   0x000000000000aa76       0x82 ./Src/bai2.o
 .debug_macro   0x000000000000aaf8       0xc0 ./Src/nvic.o
 .debug_macro   0x000000000000abb8       0x7c ./Src/nvic.o
 .debug_macro   0x000000000000ac34       0xc0 ./Src/stm32f401re_exti.o
 .debug_macro   0x000000000000acf4       0xb0 ./Src/stm32f401re_exti.o
 .debug_macro   0x000000000000ada4       0xb9 ./Src/stm32f401re_gpio.o
 .debug_macro   0x000000000000ae5d      0x2ee ./Src/stm32f401re_gpio.o
 .debug_macro   0x000000000000b14b      0x186 ./Src/stm32f401re_rcc.o
 .debug_macro   0x000000000000b2d1       0xff ./Src/stm32f401re_syscfg.o
 .debug_macro   0x000000000000b3d0       0xce C:\Users\asdad\Downloads\SDK_1.0.3_NUCLEO-F401RE\lib_stm\libLibraries.a(system_stm32f4xx.o)
 .debug_macro   0x000000000000b49e      0xa66 C:\Users\asdad\Downloads\SDK_1.0.3_NUCLEO-F401RE\lib_stm\libLibraries.a(system_stm32f4xx.o)
 .debug_macro   0x000000000000bf04       0x22 C:\Users\asdad\Downloads\SDK_1.0.3_NUCLEO-F401RE\lib_stm\libLibraries.a(system_stm32f4xx.o)
 .debug_macro   0x000000000000bf26       0xef C:\Users\asdad\Downloads\SDK_1.0.3_NUCLEO-F401RE\lib_stm\libLibraries.a(system_stm32f4xx.o)

.debug_line     0x0000000000000000     0x301d
 .debug_line    0x0000000000000000      0x5ee ./Src/bai2.o
 .debug_line    0x00000000000005ee      0x59d ./Src/nvic.o
 .debug_line    0x0000000000000b8b      0x61c ./Src/stm32f401re_exti.o
 .debug_line    0x00000000000011a7      0x717 ./Src/stm32f401re_gpio.o
 .debug_line    0x00000000000018be      0xcab ./Src/stm32f401re_rcc.o
 .debug_line    0x0000000000002569      0x590 ./Src/stm32f401re_syscfg.o
 .debug_line    0x0000000000002af9       0x84 ./Startup/startup_stm32f401retx.o
 .debug_line    0x0000000000002b7d      0x4a0 C:\Users\asdad\Downloads\SDK_1.0.3_NUCLEO-F401RE\lib_stm\libLibraries.a(system_stm32f4xx.o)

.debug_str      0x0000000000000000    0x3d6be
 .debug_str     0x0000000000000000    0x3c057 ./Src/bai2.o
                                      0x3c23a (size before relaxing)
 .debug_str     0x000000000003c057      0x1e8 ./Src/nvic.o
                                      0x35dcc (size before relaxing)
 .debug_str     0x000000000003c23f       0xed ./Src/stm32f401re_exti.o
                                      0x35f8a (size before relaxing)
 .debug_str     0x000000000003c32c      0x161 ./Src/stm32f401re_gpio.o
                                      0x37008 (size before relaxing)
 .debug_str     0x000000000003c48d      0xca7 ./Src/stm32f401re_rcc.o
                                      0x39b5b (size before relaxing)
 .debug_str     0x000000000003d134      0x300 ./Src/stm32f401re_syscfg.o
                                      0x39b6e (size before relaxing)
 .debug_str     0x000000000003d434       0x31 ./Startup/startup_stm32f401retx.o
                                         0x69 (size before relaxing)
 .debug_str     0x000000000003d465      0x259 C:\Users\asdad\Downloads\SDK_1.0.3_NUCLEO-F401RE\lib_stm\libLibraries.a(system_stm32f4xx.o)
                                      0x3583e (size before relaxing)

.comment        0x0000000000000000       0xce
 .comment       0x0000000000000000       0x53 ./Src/bai2.o
                                         0x54 (size before relaxing)
 .comment       0x0000000000000053       0x54 ./Src/nvic.o
 .comment       0x0000000000000053       0x54 ./Src/stm32f401re_exti.o
 .comment       0x0000000000000053       0x54 ./Src/stm32f401re_gpio.o
 .comment       0x0000000000000053       0x54 ./Src/stm32f401re_rcc.o
 .comment       0x0000000000000053       0x54 ./Src/stm32f401re_syscfg.o
 .comment       0x0000000000000053       0x7b C:\Users\asdad\Downloads\SDK_1.0.3_NUCLEO-F401RE\lib_stm\libLibraries.a(system_stm32f4xx.o)
                                         0x7c (size before relaxing)

.debug_frame    0x0000000000000000      0xdf8
 .debug_frame   0x0000000000000000       0xe0 ./Src/bai2.o
 .debug_frame   0x00000000000000e0       0xd8 ./Src/nvic.o
 .debug_frame   0x00000000000001b8      0x120 ./Src/stm32f401re_exti.o
 .debug_frame   0x00000000000002d8      0x218 ./Src/stm32f401re_gpio.o
 .debug_frame   0x00000000000004f0      0x774 ./Src/stm32f401re_rcc.o
 .debug_frame   0x0000000000000c64       0xf4 ./Src/stm32f401re_syscfg.o
 .debug_frame   0x0000000000000d58       0x74 C:\Users\asdad\Downloads\SDK_1.0.3_NUCLEO-F401RE\lib_stm\libLibraries.a(system_stm32f4xx.o)
 .debug_frame   0x0000000000000dcc       0x2c c:/st/stm32cubeide_1.7.0/stm32cubeide/plugins/com.st.stm32cube.ide.mcu.externaltools.gnu-tools-for-stm32.9-2020-q2-update.win32_2.0.0.202105311346/tools/bin/../lib/gcc/arm-none-eabi/9.3.1/../../../../arm-none-eabi/lib/thumb/v7e-m+fp/hard\libc_nano.a(lib_a-init.o)
